###############################################################################
#
# IAR ELF Linker V7.40.7.9843/W32 for ARM                 06/Nov/2017  15:35:52
# Copyright 2007-2015 IAR Systems AB.
#
#    Output file  =  
#        F:\4.
#        ¹¤×÷ÎÄ¼þ\ÊÛ»õ»úÍ¨ÓÃ¿ØÖÆÆ½Ì¨\ÏµÍ³¿ò¼Ü\IPO-LPC17XX\Project\Debug\Exe\Interpolation.out.tmp
#    Map file     =  
#        F:\4.
#        ¹¤×÷ÎÄ¼þ\ÊÛ»õ»úÍ¨ÓÃ¿ØÖÆÆ½Ì¨\ÏµÍ³¿ò¼Ü\IPO-LPC17XX\Project\Debug\List\Interpolation.map
#    Command line =  
#        "F:\4.
#        ¹¤×÷ÎÄ¼þ\ÊÛ»õ»úÍ¨ÓÃ¿ØÖÆÆ½Ì¨\ÏµÍ³¿ò¼Ü\IPO-LPC17XX\Project\Debug\Obj\AbstractionLayer.o"
#        "F:\4.
#        ¹¤×÷ÎÄ¼þ\ÊÛ»õ»úÍ¨ÓÃ¿ØÖÆÆ½Ì¨\ÏµÍ³¿ò¼Ü\IPO-LPC17XX\Project\Debug\Obj\adc_17xx_40xx.o"
#        "F:\4.
#        ¹¤×÷ÎÄ¼þ\ÊÛ»õ»úÍ¨ÓÃ¿ØÖÆÆ½Ì¨\ÏµÍ³¿ò¼Ü\IPO-LPC17XX\Project\Debug\Obj\AHB_Init.o"
#        "F:\4.
#        ¹¤×÷ÎÄ¼þ\ÊÛ»õ»úÍ¨ÓÃ¿ØÖÆÆ½Ì¨\ÏµÍ³¿ò¼Ü\IPO-LPC17XX\Project\Debug\Obj\can_17xx_40xx.o"
#        "F:\4.
#        ¹¤×÷ÎÄ¼þ\ÊÛ»õ»úÍ¨ÓÃ¿ØÖÆÆ½Ì¨\ÏµÍ³¿ò¼Ü\IPO-LPC17XX\Project\Debug\Obj\CAN_DEV_ComMana.o"
#        "F:\4.
#        ¹¤×÷ÎÄ¼þ\ÊÛ»õ»úÍ¨ÓÃ¿ØÖÆÆ½Ì¨\ÏµÍ³¿ò¼Ü\IPO-LPC17XX\Project\Debug\Obj\CAN_DEV_Driver.o"
#        "F:\4.
#        ¹¤×÷ÎÄ¼þ\ÊÛ»õ»úÍ¨ÓÃ¿ØÖÆÆ½Ì¨\ÏµÍ³¿ò¼Ü\IPO-LPC17XX\Project\Debug\Obj\chip_17xx_40xx.o"
#        "F:\4.
#        ¹¤×÷ÎÄ¼þ\ÊÛ»õ»úÍ¨ÓÃ¿ØÖÆÆ½Ì¨\ÏµÍ³¿ò¼Ü\IPO-LPC17XX\Project\Debug\Obj\clock_17xx_40xx.o"
#        "F:\4.
#        ¹¤×÷ÎÄ¼þ\ÊÛ»õ»úÍ¨ÓÃ¿ØÖÆÆ½Ì¨\ÏµÍ³¿ò¼Ü\IPO-LPC17XX\Project\Debug\Obj\cmp_17xx_40xx.o"
#        "F:\4.
#        ¹¤×÷ÎÄ¼þ\ÊÛ»õ»úÍ¨ÓÃ¿ØÖÆÆ½Ì¨\ÏµÍ³¿ò¼Ü\IPO-LPC17XX\Project\Debug\Obj\CMU_CmdProcess.o"
#        "F:\4.
#        ¹¤×÷ÎÄ¼þ\ÊÛ»õ»úÍ¨ÓÃ¿ØÖÆÆ½Ì¨\ÏµÍ³¿ò¼Ü\IPO-LPC17XX\Project\Debug\Obj\CMU_ErrorMana.o"
#        "F:\4.
#        ¹¤×÷ÎÄ¼þ\ÊÛ»õ»úÍ¨ÓÃ¿ØÖÆÆ½Ì¨\ÏµÍ³¿ò¼Ü\IPO-LPC17XX\Project\Debug\Obj\CMU_ExApi.o"
#        "F:\4.
#        ¹¤×÷ÎÄ¼þ\ÊÛ»õ»úÍ¨ÓÃ¿ØÖÆÆ½Ì¨\ÏµÍ³¿ò¼Ü\IPO-LPC17XX\Project\Debug\Obj\CMU_PeriodDataMana.o"
#        "F:\4.
#        ¹¤×÷ÎÄ¼þ\ÊÛ»õ»úÍ¨ÓÃ¿ØÖÆÆ½Ì¨\ÏµÍ³¿ò¼Ü\IPO-LPC17XX\Project\Debug\Obj\CMU_PubFun.o"
#        "F:\4.
#        ¹¤×÷ÎÄ¼þ\ÊÛ»õ»úÍ¨ÓÃ¿ØÖÆÆ½Ì¨\ÏµÍ³¿ò¼Ü\IPO-LPC17XX\Project\Debug\Obj\CMU_RcvDataProcess.o"
#        "F:\4.
#        ¹¤×÷ÎÄ¼þ\ÊÛ»õ»úÍ¨ÓÃ¿ØÖÆÆ½Ì¨\ÏµÍ³¿ò¼Ü\IPO-LPC17XX\Project\Debug\Obj\CMU_SendDataProcess.o"
#        "F:\4.
#        ¹¤×÷ÎÄ¼þ\ÊÛ»õ»úÍ¨ÓÃ¿ØÖÆÆ½Ì¨\ÏµÍ³¿ò¼Ü\IPO-LPC17XX\Project\Debug\Obj\CNCSYS_Init.o"
#        "F:\4.
#        ¹¤×÷ÎÄ¼þ\ÊÛ»õ»úÍ¨ÓÃ¿ØÖÆÆ½Ì¨\ÏµÍ³¿ò¼Ü\IPO-LPC17XX\Project\Debug\Obj\CNCSYS_StateMan.o"
#        "F:\4.
#        ¹¤×÷ÎÄ¼þ\ÊÛ»õ»úÍ¨ÓÃ¿ØÖÆÆ½Ì¨\ÏµÍ³¿ò¼Ü\IPO-LPC17XX\Project\Debug\Obj\crc_17xx_40xx.o"
#        "F:\4.
#        ¹¤×÷ÎÄ¼þ\ÊÛ»õ»úÍ¨ÓÃ¿ØÖÆÆ½Ì¨\ÏµÍ³¿ò¼Ü\IPO-LPC17XX\Project\Debug\Obj\CSM_AutoCtrl.o"
#        "F:\4.
#        ¹¤×÷ÎÄ¼þ\ÊÛ»õ»úÍ¨ÓÃ¿ØÖÆÆ½Ì¨\ÏµÍ³¿ò¼Ü\IPO-LPC17XX\Project\Debug\Obj\CSM_AxisMotion.o"
#        "F:\4.
#        ¹¤×÷ÎÄ¼þ\ÊÛ»õ»úÍ¨ÓÃ¿ØÖÆÆ½Ì¨\ÏµÍ³¿ò¼Ü\IPO-LPC17XX\Project\Debug\Obj\CSM_AxisStateMan.o"
#        "F:\4.
#        ¹¤×÷ÎÄ¼þ\ÊÛ»õ»úÍ¨ÓÃ¿ØÖÆÆ½Ì¨\ÏµÍ³¿ò¼Ü\IPO-LPC17XX\Project\Debug\Obj\CSM_CircleDataProcess.o"
#        "F:\4.
#        ¹¤×÷ÎÄ¼þ\ÊÛ»õ»úÍ¨ÓÃ¿ØÖÆÆ½Ì¨\ÏµÍ³¿ò¼Ü\IPO-LPC17XX\Project\Debug\Obj\CSM_CrdSysState.o"
#        "F:\4.
#        ¹¤×÷ÎÄ¼þ\ÊÛ»õ»úÍ¨ÓÃ¿ØÖÆÆ½Ì¨\ÏµÍ³¿ò¼Ü\IPO-LPC17XX\Project\Debug\Obj\CSM_Interface.o"
#        "F:\4.
#        ¹¤×÷ÎÄ¼þ\ÊÛ»õ»úÍ¨ÓÃ¿ØÖÆÆ½Ì¨\ÏµÍ³¿ò¼Ü\IPO-LPC17XX\Project\Debug\Obj\CSM_MainCtrl.o"
#        "F:\4.
#        ¹¤×÷ÎÄ¼þ\ÊÛ»õ»úÍ¨ÓÃ¿ØÖÆÆ½Ì¨\ÏµÍ³¿ò¼Ü\IPO-LPC17XX\Project\Debug\Obj\CSM_ParmMan.o"
#        "F:\4.
#        ¹¤×÷ÎÄ¼þ\ÊÛ»õ»úÍ¨ÓÃ¿ØÖÆÆ½Ì¨\ÏµÍ³¿ò¼Ü\IPO-LPC17XX\Project\Debug\Obj\CSM_ProgBuf.o"
#        "F:\4.
#        ¹¤×÷ÎÄ¼þ\ÊÛ»õ»úÍ¨ÓÃ¿ØÖÆÆ½Ì¨\ÏµÍ³¿ò¼Ü\IPO-LPC17XX\Project\Debug\Obj\CSM_UserBuf.o"
#        "F:\4.
#        ¹¤×÷ÎÄ¼þ\ÊÛ»õ»úÍ¨ÓÃ¿ØÖÆÆ½Ì¨\ÏµÍ³¿ò¼Ü\IPO-LPC17XX\Project\Debug\Obj\CSM_UserProgData.o"
#        "F:\4.
#        ¹¤×÷ÎÄ¼þ\ÊÛ»õ»úÍ¨ÓÃ¿ØÖÆÆ½Ì¨\ÏµÍ³¿ò¼Ü\IPO-LPC17XX\Project\Debug\Obj\CSM_Version.o"
#        "F:\4.
#        ¹¤×÷ÎÄ¼þ\ÊÛ»õ»úÍ¨ÓÃ¿ØÖÆÆ½Ì¨\ÏµÍ³¿ò¼Ü\IPO-LPC17XX\Project\Debug\Obj\DAC.o"
#        "F:\4.
#        ¹¤×÷ÎÄ¼þ\ÊÛ»õ»úÍ¨ÓÃ¿ØÖÆÆ½Ì¨\ÏµÍ³¿ò¼Ü\IPO-LPC17XX\Project\Debug\Obj\dac_17xx_40xx.o"
#        "F:\4.
#        ¹¤×÷ÎÄ¼þ\ÊÛ»õ»úÍ¨ÓÃ¿ØÖÆÆ½Ì¨\ÏµÍ³¿ò¼Ü\IPO-LPC17XX\Project\Debug\Obj\DEV_Abstract.o"
#        "F:\4.
#        ¹¤×÷ÎÄ¼þ\ÊÛ»õ»úÍ¨ÓÃ¿ØÖÆÆ½Ì¨\ÏµÍ³¿ò¼Ü\IPO-LPC17XX\Project\Debug\Obj\ECM_ErrorCodeMan.o"
#        "F:\4.
#        ¹¤×÷ÎÄ¼þ\ÊÛ»õ»úÍ¨ÓÃ¿ØÖÆÆ½Ì¨\ÏµÍ³¿ò¼Ü\IPO-LPC17XX\Project\Debug\Obj\eeprom_17xx_40xx.o"
#        "F:\4.
#        ¹¤×÷ÎÄ¼þ\ÊÛ»õ»úÍ¨ÓÃ¿ØÖÆÆ½Ì¨\ÏµÍ³¿ò¼Ü\IPO-LPC17XX\Project\Debug\Obj\emc_17xx_40xx.o"
#        "F:\4.
#        ¹¤×÷ÎÄ¼þ\ÊÛ»õ»úÍ¨ÓÃ¿ØÖÆÆ½Ì¨\ÏµÍ³¿ò¼Ü\IPO-LPC17XX\Project\Debug\Obj\enet_17xx_40xx.o"
#        "F:\4.
#        ¹¤×÷ÎÄ¼þ\ÊÛ»õ»úÍ¨ÓÃ¿ØÖÆÆ½Ì¨\ÏµÍ³¿ò¼Ü\IPO-LPC17XX\Project\Debug\Obj\fpu_init.o"
#        "F:\4.
#        ¹¤×÷ÎÄ¼þ\ÊÛ»õ»úÍ¨ÓÃ¿ØÖÆÆ½Ì¨\ÏµÍ³¿ò¼Ü\IPO-LPC17XX\Project\Debug\Obj\gpdma_17xx_40xx.o"
#        "F:\4.
#        ¹¤×÷ÎÄ¼þ\ÊÛ»õ»úÍ¨ÓÃ¿ØÖÆÆ½Ì¨\ÏµÍ³¿ò¼Ü\IPO-LPC17XX\Project\Debug\Obj\gpio_17xx_40xx.o"
#        "F:\4.
#        ¹¤×÷ÎÄ¼þ\ÊÛ»õ»úÍ¨ÓÃ¿ØÖÆÆ½Ì¨\ÏµÍ³¿ò¼Ü\IPO-LPC17XX\Project\Debug\Obj\GPIOCtrl.o"
#        "F:\4.
#        ¹¤×÷ÎÄ¼þ\ÊÛ»õ»úÍ¨ÓÃ¿ØÖÆÆ½Ì¨\ÏµÍ³¿ò¼Ü\IPO-LPC17XX\Project\Debug\Obj\gpioint_17xx_40xx.o"
#        "F:\4.
#        ¹¤×÷ÎÄ¼þ\ÊÛ»õ»úÍ¨ÓÃ¿ØÖÆÆ½Ì¨\ÏµÍ³¿ò¼Ü\IPO-LPC17XX\Project\Debug\Obj\i2c_17xx_40xx.o"
#        "F:\4.
#        ¹¤×÷ÎÄ¼þ\ÊÛ»õ»úÍ¨ÓÃ¿ØÖÆÆ½Ì¨\ÏµÍ³¿ò¼Ü\IPO-LPC17XX\Project\Debug\Obj\i2s_17xx_40xx.o"
#        "F:\4.
#        ¹¤×÷ÎÄ¼þ\ÊÛ»õ»úÍ¨ÓÃ¿ØÖÆÆ½Ì¨\ÏµÍ³¿ò¼Ü\IPO-LPC17XX\Project\Debug\Obj\iap.o"
#        "F:\4.
#        ¹¤×÷ÎÄ¼þ\ÊÛ»õ»úÍ¨ÓÃ¿ØÖÆÆ½Ì¨\ÏµÍ³¿ò¼Ü\IPO-LPC17XX\Project\Debug\Obj\iocon_17xx_40xx.o"
#        "F:\4.
#        ¹¤×÷ÎÄ¼þ\ÊÛ»õ»úÍ¨ÓÃ¿ØÖÆÆ½Ì¨\ÏµÍ³¿ò¼Ü\IPO-LPC17XX\Project\Debug\Obj\lcd_17xx_40xx.o"
#        "F:\4.
#        ¹¤×÷ÎÄ¼þ\ÊÛ»õ»úÍ¨ÓÃ¿ØÖÆÆ½Ì¨\ÏµÍ³¿ò¼Ü\IPO-LPC17XX\Project\Debug\Obj\LEDIOCtrl.o"
#        "F:\4.
#        ¹¤×÷ÎÄ¼þ\ÊÛ»õ»úÍ¨ÓÃ¿ØÖÆÆ½Ì¨\ÏµÍ³¿ò¼Ü\IPO-LPC17XX\Project\Debug\Obj\Main.o"
#        "F:\4.
#        ¹¤×÷ÎÄ¼þ\ÊÛ»õ»úÍ¨ÓÃ¿ØÖÆÆ½Ì¨\ÏµÍ³¿ò¼Ü\IPO-LPC17XX\Project\Debug\Obj\MST_Interface.o"
#        "F:\4.
#        ¹¤×÷ÎÄ¼þ\ÊÛ»õ»úÍ¨ÓÃ¿ØÖÆÆ½Ì¨\ÏµÍ³¿ò¼Ü\IPO-LPC17XX\Project\Debug\Obj\MST_MainCtrl.o"
#        "F:\4.
#        ¹¤×÷ÎÄ¼þ\ÊÛ»õ»úÍ¨ÓÃ¿ØÖÆÆ½Ì¨\ÏµÍ³¿ò¼Ü\IPO-LPC17XX\Project\Debug\Obj\MST_MCode.o"
#        "F:\4.
#        ¹¤×÷ÎÄ¼þ\ÊÛ»õ»úÍ¨ÓÃ¿ØÖÆÆ½Ì¨\ÏµÍ³¿ò¼Ü\IPO-LPC17XX\Project\Debug\Obj\MST_TCode.o"
#        "F:\4.
#        ¹¤×÷ÎÄ¼þ\ÊÛ»õ»úÍ¨ÓÃ¿ØÖÆÆ½Ì¨\ÏµÍ³¿ò¼Ü\IPO-LPC17XX\Project\Debug\Obj\pmu_17xx_40xx.o"
#        "F:\4.
#        ¹¤×÷ÎÄ¼þ\ÊÛ»õ»úÍ¨ÓÃ¿ØÖÆÆ½Ì¨\ÏµÍ³¿ò¼Ü\IPO-LPC17XX\Project\Debug\Obj\QEI.o"
#        "F:\4.
#        ¹¤×÷ÎÄ¼þ\ÊÛ»õ»úÍ¨ÓÃ¿ØÖÆÆ½Ì¨\ÏµÍ³¿ò¼Ü\IPO-LPC17XX\Project\Debug\Obj\ring_buffer.o"
#        "F:\4.
#        ¹¤×÷ÎÄ¼þ\ÊÛ»õ»úÍ¨ÓÃ¿ØÖÆÆ½Ì¨\ÏµÍ³¿ò¼Ü\IPO-LPC17XX\Project\Debug\Obj\ritimer_17xx_40xx.o"
#        "F:\4.
#        ¹¤×÷ÎÄ¼þ\ÊÛ»õ»úÍ¨ÓÃ¿ØÖÆÆ½Ì¨\ÏµÍ³¿ò¼Ü\IPO-LPC17XX\Project\Debug\Obj\rtc_17xx_40xx.o"
#        "F:\4.
#        ¹¤×÷ÎÄ¼þ\ÊÛ»õ»úÍ¨ÓÃ¿ØÖÆÆ½Ì¨\ÏµÍ³¿ò¼Ü\IPO-LPC17XX\Project\Debug\Obj\sdc_17xx_40xx.o"
#        "F:\4.
#        ¹¤×÷ÎÄ¼þ\ÊÛ»õ»úÍ¨ÓÃ¿ØÖÆÆ½Ì¨\ÏµÍ³¿ò¼Ü\IPO-LPC17XX\Project\Debug\Obj\sdmmc_17xx_40xx.o"
#        "F:\4.
#        ¹¤×÷ÎÄ¼þ\ÊÛ»õ»úÍ¨ÓÃ¿ØÖÆÆ½Ì¨\ÏµÍ³¿ò¼Ü\IPO-LPC17XX\Project\Debug\Obj\SDRAM_AddrDef.o"
#        "F:\4.
#        ¹¤×÷ÎÄ¼þ\ÊÛ»õ»úÍ¨ÓÃ¿ØÖÆÆ½Ì¨\ÏµÍ³¿ò¼Ü\IPO-LPC17XX\Project\Debug\Obj\spi_17xx_40xx.o"
#        "F:\4.
#        ¹¤×÷ÎÄ¼þ\ÊÛ»õ»úÍ¨ÓÃ¿ØÖÆÆ½Ì¨\ÏµÍ³¿ò¼Ü\IPO-LPC17XX\Project\Debug\Obj\SPM_ParmCheck.o"
#        "F:\4.
#        ¹¤×÷ÎÄ¼þ\ÊÛ»õ»úÍ¨ÓÃ¿ØÖÆÆ½Ì¨\ÏµÍ³¿ò¼Ü\IPO-LPC17XX\Project\Debug\Obj\SPM_SysCtrlParm.o"
#        "F:\4.
#        ¹¤×÷ÎÄ¼þ\ÊÛ»õ»úÍ¨ÓÃ¿ØÖÆÆ½Ì¨\ÏµÍ³¿ò¼Ü\IPO-LPC17XX\Project\Debug\Obj\ssp_17xx_40xx.o"
#        "F:\4.
#        ¹¤×÷ÎÄ¼þ\ÊÛ»õ»úÍ¨ÓÃ¿ØÖÆÆ½Ì¨\ÏµÍ³¿ò¼Ü\IPO-LPC17XX\Project\Debug\Obj\startup_LPC17xx.o"
#        "F:\4.
#        ¹¤×÷ÎÄ¼þ\ÊÛ»õ»úÍ¨ÓÃ¿ØÖÆÆ½Ì¨\ÏµÍ³¿ò¼Ü\IPO-LPC17XX\Project\Debug\Obj\SYS_Init.o"
#        "F:\4.
#        ¹¤×÷ÎÄ¼þ\ÊÛ»õ»úÍ¨ÓÃ¿ØÖÆÆ½Ì¨\ÏµÍ³¿ò¼Ü\IPO-LPC17XX\Project\Debug\Obj\sysctl_17xx_40xx.o"
#        "F:\4.
#        ¹¤×÷ÎÄ¼þ\ÊÛ»õ»úÍ¨ÓÃ¿ØÖÆÆ½Ì¨\ÏµÍ³¿ò¼Ü\IPO-LPC17XX\Project\Debug\Obj\sysinit.o"
#        "F:\4.
#        ¹¤×÷ÎÄ¼þ\ÊÛ»õ»úÍ¨ÓÃ¿ØÖÆÆ½Ì¨\ÏµÍ³¿ò¼Ü\IPO-LPC17XX\Project\Debug\Obj\sysinit_17xx_40xx.o"
#        "F:\4.
#        ¹¤×÷ÎÄ¼þ\ÊÛ»õ»úÍ¨ÓÃ¿ØÖÆÆ½Ì¨\ÏµÍ³¿ò¼Ü\IPO-LPC17XX\Project\Debug\Obj\SystemTick.o"
#        "F:\4.
#        ¹¤×÷ÎÄ¼þ\ÊÛ»õ»úÍ¨ÓÃ¿ØÖÆÆ½Ì¨\ÏµÍ³¿ò¼Ü\IPO-LPC17XX\Project\Debug\Obj\timer_17xx_40xx.o"
#        "F:\4.
#        ¹¤×÷ÎÄ¼þ\ÊÛ»õ»úÍ¨ÓÃ¿ØÖÆÆ½Ì¨\ÏµÍ³¿ò¼Ü\IPO-LPC17XX\Project\Debug\Obj\UART.o"
#        "F:\4.
#        ¹¤×÷ÎÄ¼þ\ÊÛ»õ»úÍ¨ÓÃ¿ØÖÆÆ½Ì¨\ÏµÍ³¿ò¼Ü\IPO-LPC17XX\Project\Debug\Obj\uart_17xx_40xx.o"
#        "F:\4.
#        ¹¤×÷ÎÄ¼þ\ÊÛ»õ»úÍ¨ÓÃ¿ØÖÆÆ½Ì¨\ÏµÍ³¿ò¼Ü\IPO-LPC17XX\Project\Debug\Obj\UartInterface.o"
#        "F:\4.
#        ¹¤×÷ÎÄ¼þ\ÊÛ»õ»úÍ¨ÓÃ¿ØÖÆÆ½Ì¨\ÏµÍ³¿ò¼Ü\IPO-LPC17XX\Project\Debug\Obj\ucom.o"
#        "F:\4.
#        ¹¤×÷ÎÄ¼þ\ÊÛ»õ»úÍ¨ÓÃ¿ØÖÆÆ½Ì¨\ÏµÍ³¿ò¼Ü\IPO-LPC17XX\Project\Debug\Obj\UREG_DataMan.o"
#        "F:\4.
#        ¹¤×÷ÎÄ¼þ\ÊÛ»õ»úÍ¨ÓÃ¿ØÖÆÆ½Ì¨\ÏµÍ³¿ò¼Ü\IPO-LPC17XX\Project\Debug\Obj\wwdt_17xx_40xx.o"
#        -o "F:\4.
#        ¹¤×÷ÎÄ¼þ\ÊÛ»õ»úÍ¨ÓÃ¿ØÖÆÆ½Ì¨\ÏµÍ³¿ò¼Ü\IPO-LPC17XX\Project\Debug\Exe\Interpolation.out.tmp"
#        --map "F:\4.
#        ¹¤×÷ÎÄ¼þ\ÊÛ»õ»úÍ¨ÓÃ¿ØÖÆÆ½Ì¨\ÏµÍ³¿ò¼Ü\IPO-LPC17XX\Project\Debug\List\Interpolation.map"
#        --config "F:\4.
#        ¹¤×÷ÎÄ¼þ\ÊÛ»õ»úÍ¨ÓÃ¿ØÖÆÆ½Ì¨\ÏµÍ³¿ò¼Ü\IPO-LPC17XX\Project\settings\LPC1752_iflash_app.icf"
#        --semihosting --entry __iar_program_start --vfe
#
###############################################################################

*******************************************************************************
*** MESSAGES
***

Error[Li005]: no definition for "SYS_JumpToBootProc" [referenced from F:\4. ¹¤×
          ÷ÎÄ¼þ\ÊÛ»õ»úÍ¨ÓÃ¿ØÖÆÆ½Ì¨\ÏµÍ³¿ò¼Ü\IPO-LPC17XX\Project\Debug\Obj\SYS_I
          nit.o]
Error[Li005]: no definition for "LKH_LookaheadMainCtrl" [referenced from F:\4. 
          ¹¤×÷ÎÄ¼þ\ÊÛ»õ»úÍ¨ÓÃ¿ØÖÆÆ½Ì¨\ÏµÍ³¿ò¼Ü\IPO-LPC17XX\Project\Debug\Obj\CN
          CSYS_Init.o]
Error[Li005]: no definition for "CGU_Init" [referenced from F:\4. ¹¤×÷ÎÄ¼þ\ÊÛ»õ
          »úÍ¨ÓÃ¿ØÖÆÆ½Ì¨\ÏµÍ³¿ò¼Ü\IPO-LPC17XX\Project\Debug\Obj\SYS_Init.o]
Error[Li005]: no definition for "SystemInit_ExtMemCtl" [referenced from F:\4. ¹
          ¤×÷ÎÄ¼þ\ÊÛ»õ»úÍ¨ÓÃ¿ØÖÆÆ½Ì¨\ÏµÍ³¿ò¼Ü\IPO-LPC17XX\Project\Debug\Obj\SYS
          _Init.o]
Error[Li005]: no definition for "ENET_SetRSBufAddr" [referenced from F:\4. ¹¤×÷
          ÎÄ¼þ\ÊÛ»õ»úÍ¨ÓÃ¿ØÖÆÆ½Ì¨\ÏµÍ³¿ò¼Ü\IPO-LPC17XX\Project\Debug\Obj\SYS_In
          it.o]
Error[Li005]: no definition for "CAN_ExportInterface" [referenced from F:\4. ¹¤
          ×÷ÎÄ¼þ\ÊÛ»õ»úÍ¨ÓÃ¿ØÖÆÆ½Ì¨\ÏµÍ³¿ò¼Ü\IPO-LPC17XX\Project\Debug\Obj\SYS_
          Init.o]
Error[Li005]: no definition for "ENET_ExportInterface" [referenced from F:\4. ¹
          ¤×÷ÎÄ¼þ\ÊÛ»õ»úÍ¨ÓÃ¿ØÖÆÆ½Ì¨\ÏµÍ³¿ò¼Ü\IPO-LPC17XX\Project\Debug\Obj\SYS
          _Init.o]
Error[Li005]: no definition for "UART0_DMA_SendBuff" [referenced from F:\4. ¹¤×
          ÷ÎÄ¼þ\ÊÛ»õ»úÍ¨ÓÃ¿ØÖÆÆ½Ì¨\ÏµÍ³¿ò¼Ü\IPO-LPC17XX\Project\Debug\Obj\UART.
          o]
Error[Li005]: no definition for "UART_DmaConfig" [referenced from F:\4. ¹¤×÷ÎÄ¼
          þ\ÊÛ»õ»úÍ¨ÓÃ¿ØÖÆÆ½Ì¨\ÏµÍ³¿ò¼Ü\IPO-LPC17XX\Project\Debug\Obj\UART.o]
Error[Li005]: no definition for "UART_ModeConfig" [referenced from F:\4. ¹¤×÷ÎÄ
          ¼þ\ÊÛ»õ»úÍ¨ÓÃ¿ØÖÆÆ½Ì¨\ÏµÍ³¿ò¼Ü\IPO-LPC17XX\Project\Debug\Obj\UART.o]
Error[Li005]: no definition for "IPO_UpdateCrdSysAxisMapTable" [referenced from
          F:\4. ¹¤×÷ÎÄ¼þ\ÊÛ»õ»úÍ¨ÓÃ¿ØÖÆÆ½Ì¨\ÏµÍ³¿ò¼Ü\IPO-LPC17XX\Project\Debug\
          Obj\SPM_SysCtrlParm.o]
Error[Li005]: no definition for "IPO_CheckSysFree" [referenced from F:\4. ¹¤×÷Î
          Ä¼þ\ÊÛ»õ»úÍ¨ÓÃ¿ØÖÆÆ½Ì¨\ÏµÍ³¿ò¼Ü\IPO-LPC17XX\Project\Debug\Obj\SPM_Sys
          CtrlParm.o]
Error[Li005]: no definition for "IPO_CreateAxisRapidSpeedCtrlTable" [referenced
          from F:\4. ¹¤×÷ÎÄ¼þ\ÊÛ»õ»úÍ¨ÓÃ¿ØÖÆÆ½Ì¨\ÏµÍ³¿ò¼Ü\IPO-LPC17XX\Project\D
          ebug\Obj\SPM_SysCtrlParm.o]
Error[Li005]: no definition for "IPO_CreateMotorJogPosCtrlTable" [referenced
          from F:\4. ¹¤×÷ÎÄ¼þ\ÊÛ»õ»úÍ¨ÓÃ¿ØÖÆÆ½Ì¨\ÏµÍ³¿ò¼Ü\IPO-LPC17XX\Project\D
          ebug\Obj\SPM_SysCtrlParm.o]
Error[Li005]: no definition for "IPO_UpdateSycCtrlParm" [referenced from F:\4. 
          ¹¤×÷ÎÄ¼þ\ÊÛ»õ»úÍ¨ÓÃ¿ØÖÆÆ½Ì¨\ÏµÍ³¿ò¼Ü\IPO-LPC17XX\Project\Debug\Obj\SP
          M_SysCtrlParm.o]
Error[Li005]: no definition for "IPO_InitIPOBuf" [referenced from F:\4. ¹¤×÷ÎÄ¼
          þ\ÊÛ»õ»úÍ¨ÓÃ¿ØÖÆÆ½Ì¨\ÏµÍ³¿ò¼Ü\IPO-LPC17XX\Project\Debug\Obj\SPM_SysCt
          rlParm.o]
Error[Li005]: no definition for "BOOT_SetComType" [referenced from F:\4. ¹¤×÷ÎÄ
          ¼þ\ÊÛ»õ»úÍ¨ÓÃ¿ØÖÆÆ½Ì¨\ÏµÍ³¿ò¼Ü\IPO-LPC17XX\Project\Debug\Obj\CMU_PubF
          un.o]
Error[Li005]: no definition for "IPO_GetVersion" [referenced from F:\4. ¹¤×÷ÎÄ¼
          þ\ÊÛ»õ»úÍ¨ÓÃ¿ØÖÆÆ½Ì¨\ÏµÍ³¿ò¼Ü\IPO-LPC17XX\Project\Debug\Obj\SYS_Init.
          o]
Error[Li005]: no definition for "SYS_UpdateBootloader" [referenced from F:\4. ¹
          ¤×÷ÎÄ¼þ\ÊÛ»õ»úÍ¨ÓÃ¿ØÖÆÆ½Ì¨\ÏµÍ³¿ò¼Ü\IPO-LPC17XX\Project\Debug\Obj\SYS
          _Init.o]
Error[Li005]: no definition for "SYS_UpdateIPO" [referenced from F:\4. ¹¤×÷ÎÄ¼þ
          \ÊÛ»õ»úÍ¨ÓÃ¿ØÖÆÆ½Ì¨\ÏµÍ³¿ò¼Ü\IPO-LPC17XX\Project\Debug\Obj\SYS_Init.o
          ]
Error[Li005]: no definition for "SYS_UpdateSLC" [referenced from F:\4. ¹¤×÷ÎÄ¼þ
          \ÊÛ»õ»úÍ¨ÓÃ¿ØÖÆÆ½Ì¨\ÏµÍ³¿ò¼Ü\IPO-LPC17XX\Project\Debug\Obj\SYS_Init.o
          ]
Error[Li005]: no definition for "SYS_PostUpdateDevProc" [referenced from F:\4. 
          ¹¤×÷ÎÄ¼þ\ÊÛ»õ»úÍ¨ÓÃ¿ØÖÆÆ½Ì¨\ÏµÍ³¿ò¼Ü\IPO-LPC17XX\Project\Debug\Obj\SY
          S_Init.o]
Error[Li005]: no definition for "SYS_PreUpdateDevProc" [referenced from F:\4. ¹
          ¤×÷ÎÄ¼þ\ÊÛ»õ»úÍ¨ÓÃ¿ØÖÆÆ½Ì¨\ÏµÍ³¿ò¼Ü\IPO-LPC17XX\Project\Debug\Obj\SYS
          _Init.o]
Error[Li005]: no definition for "JOG_MotorEStop" [referenced from F:\4. ¹¤×÷ÎÄ¼
          þ\ÊÛ»õ»úÍ¨ÓÃ¿ØÖÆÆ½Ì¨\ÏµÍ³¿ò¼Ü\IPO-LPC17XX\Project\Debug\Obj\CNCSYS_In
          it.o]
Error[Li005]: no definition for "JOG_SetMotionStop" [referenced from F:\4. ¹¤×÷
          ÎÄ¼þ\ÊÛ»õ»úÍ¨ÓÃ¿ØÖÆÆ½Ì¨\ÏµÍ³¿ò¼Ü\IPO-LPC17XX\Project\Debug\Obj\CNCSYS
          _Init.o]
Error[Li005]: no definition for "JOG_SetMotorSpeedCtrlMotion" [referenced from
          F:\4. ¹¤×÷ÎÄ¼þ\ÊÛ»õ»úÍ¨ÓÃ¿ØÖÆÆ½Ì¨\ÏµÍ³¿ò¼Ü\IPO-LPC17XX\Project\Debug\
          Obj\CNCSYS_Init.o]
Error[Li005]: no definition for "JOG_SetMotorPosCtrlMotion" [referenced from
          F:\4. ¹¤×÷ÎÄ¼þ\ÊÛ»õ»úÍ¨ÓÃ¿ØÖÆÆ½Ì¨\ÏµÍ³¿ò¼Ü\IPO-LPC17XX\Project\Debug\
          Obj\CNCSYS_Init.o]
Error[Li005]: no definition for "JOG_SetAxisSpeedCtrlMotion" [referenced from
          F:\4. ¹¤×÷ÎÄ¼þ\ÊÛ»õ»úÍ¨ÓÃ¿ØÖÆÆ½Ì¨\ÏµÍ³¿ò¼Ü\IPO-LPC17XX\Project\Debug\
          Obj\CNCSYS_Init.o]
Error[Li005]: no definition for "JOG_SetAxisPosCtrlMotion" [referenced from
          F:\4. ¹¤×÷ÎÄ¼þ\ÊÛ»õ»úÍ¨ÓÃ¿ØÖÆÆ½Ì¨\ÏµÍ³¿ò¼Ü\IPO-LPC17XX\Project\Debug\
          Obj\CNCSYS_Init.o]
Error[Li005]: no definition for "IPO_CloseAxisOutput" [referenced from F:\4. ¹¤
          ×÷ÎÄ¼þ\ÊÛ»õ»úÍ¨ÓÃ¿ØÖÆÆ½Ì¨\ÏµÍ³¿ò¼Ü\IPO-LPC17XX\Project\Debug\Obj\CNCS
          YS_Init.o]
Error[Li005]: no definition for "IPO_AddMotionDataToIPOBuf" [referenced from
          F:\4. ¹¤×÷ÎÄ¼þ\ÊÛ»õ»úÍ¨ÓÃ¿ØÖÆÆ½Ì¨\ÏµÍ³¿ò¼Ü\IPO-LPC17XX\Project\Debug\
          Obj\CNCSYS_Init.o]
Error[Li005]: no definition for "IPO_ProgHold" [referenced from F:\4. ¹¤×÷ÎÄ¼þ\
          ÊÛ»õ»úÍ¨ÓÃ¿ØÖÆÆ½Ì¨\ÏµÍ³¿ò¼Ü\IPO-LPC17XX\Project\Debug\Obj\CNCSYS_Init
          .o]
Error[Li005]: no definition for "IPO_ProgSegmentEndStop" [referenced from F:\4. ¹¤×÷ÎÄ¼þ\ÊÛ»õ»úÍ¨ÓÃ¿ØÖÆÆ½Ì¨\ÏµÍ³¿ò¼Ü\IPO-LPC17XX\Project\Debug\Obj\CNCSYS_Init.o]
Error[Li005]: no definition for "IPO_ProgEStop" [referenced from F:\4. ¹¤×÷ÎÄ¼þ
          \ÊÛ»õ»úÍ¨ÓÃ¿ØÖÆÆ½Ì¨\ÏµÍ³¿ò¼Ü\IPO-LPC17XX\Project\Debug\Obj\CNCSYS_Ini
          t.o]
Error[Li005]: no definition for "IPO_ProgStop" [referenced from F:\4. ¹¤×÷ÎÄ¼þ\
          ÊÛ»õ»úÍ¨ÓÃ¿ØÖÆÆ½Ì¨\ÏµÍ³¿ò¼Ü\IPO-LPC17XX\Project\Debug\Obj\CNCSYS_Init
          .o]
Error[Li005]: no definition for "IPO_ProgRun" [referenced from F:\4. ¹¤×÷ÎÄ¼þ\Ê
          Û»õ»úÍ¨ÓÃ¿ØÖÆÆ½Ì¨\ÏµÍ³¿ò¼Ü\IPO-LPC17XX\Project\Debug\Obj\CNCSYS_Init.
          o]
Error[Li005]: no definition for "IPO_EnableSingleSegmentMode" [referenced from
          F:\4. ¹¤×÷ÎÄ¼þ\ÊÛ»õ»úÍ¨ÓÃ¿ØÖÆÆ½Ì¨\ÏµÍ³¿ò¼Ü\IPO-LPC17XX\Project\Debug\
          Obj\CNCSYS_Init.o]
Error[Li005]: no definition for "IPO_SetVerifyEnable" [referenced from F:\4. ¹¤
          ×÷ÎÄ¼þ\ÊÛ»õ»úÍ¨ÓÃ¿ØÖÆÆ½Ì¨\ÏµÍ³¿ò¼Ü\IPO-LPC17XX\Project\Debug\Obj\CNCS
          YS_Init.o]
Error[Li005]: no definition for "IPO_SetCrdSysRapidOverride" [referenced from
          F:\4. ¹¤×÷ÎÄ¼þ\ÊÛ»õ»úÍ¨ÓÃ¿ØÖÆÆ½Ì¨\ÏµÍ³¿ò¼Ü\IPO-LPC17XX\Project\Debug\
          Obj\CNCSYS_Init.o]
Error[Li005]: no definition for "IPO_SetCrdSysFeedOverride" [referenced from
          F:\4. ¹¤×÷ÎÄ¼þ\ÊÛ»õ»úÍ¨ÓÃ¿ØÖÆÆ½Ì¨\ÏµÍ³¿ò¼Ü\IPO-LPC17XX\Project\Debug\
          Obj\CNCSYS_Init.o]
Error[Li005]: no definition for "IPO_GetBufState" [referenced from F:\4. ¹¤×÷ÎÄ
          ¼þ\ÊÛ»õ»úÍ¨ÓÃ¿ØÖÆÆ½Ì¨\ÏµÍ³¿ò¼Ü\IPO-LPC17XX\Project\Debug\Obj\CNCSYS_I
          nit.o]
Error[Li005]: no definition for "IPO_GetStateData" [referenced from F:\4. ¹¤×÷Î
          Ä¼þ\ÊÛ»õ»úÍ¨ÓÃ¿ØÖÆÆ½Ì¨\ÏµÍ³¿ò¼Ü\IPO-LPC17XX\Project\Debug\Obj\CNCSYS_
          Init.o]
Error[Li005]: no definition for "IPO_SetCtrlMode" [referenced from F:\4. ¹¤×÷ÎÄ
          ¼þ\ÊÛ»õ»úÍ¨ÓÃ¿ØÖÆÆ½Ì¨\ÏµÍ³¿ò¼Ü\IPO-LPC17XX\Project\Debug\Obj\CNCSYS_I
          nit.o]
Error[Li005]: no definition for "IPO_Reset" [referenced from F:\4. ¹¤×÷ÎÄ¼þ\ÊÛ»
          õ»úÍ¨ÓÃ¿ØÖÆÆ½Ì¨\ÏµÍ³¿ò¼Ü\IPO-LPC17XX\Project\Debug\Obj\CNCSYS_Init.o]
Error[Li005]: no definition for "IPO_SetSysParmReadAddr" [referenced from F:\4. ¹¤×÷ÎÄ¼þ\ÊÛ»õ»úÍ¨ÓÃ¿ØÖÆÆ½Ì¨\ÏµÍ³¿ò¼Ü\IPO-LPC17XX\Project\Debug\Obj\CNCSYS_Init.o]
Error[Li005]: no definition for "IPO_SetIPOBufAddr" [referenced from F:\4. ¹¤×÷
          ÎÄ¼þ\ÊÛ»õ»úÍ¨ÓÃ¿ØÖÆÆ½Ì¨\ÏµÍ³¿ò¼Ü\IPO-LPC17XX\Project\Debug\Obj\CNCSYS
          _Init.o]
Error[Li005]: no definition for "IPO_SetRapidSpeedCtrlTableAddr" [referenced
          from F:\4. ¹¤×÷ÎÄ¼þ\ÊÛ»õ»úÍ¨ÓÃ¿ØÖÆÆ½Ì¨\ÏµÍ³¿ò¼Ü\IPO-LPC17XX\Project\D
          ebug\Obj\CNCSYS_Init.o]
Error[Li005]: no definition for "IPO_SetJogPosCtrlTableAddr" [referenced from
          F:\4. ¹¤×÷ÎÄ¼þ\ÊÛ»õ»úÍ¨ÓÃ¿ØÖÆÆ½Ì¨\ÏµÍ³¿ò¼Ü\IPO-LPC17XX\Project\Debug\
          Obj\CNCSYS_Init.o]
Error[Li005]: no definition for "IPO_SetAHBDataTransAddr" [referenced from
          F:\4. ¹¤×÷ÎÄ¼þ\ÊÛ»õ»úÍ¨ÓÃ¿ØÖÆÆ½Ì¨\ÏµÍ³¿ò¼Ü\IPO-LPC17XX\Project\Debug\
          Obj\CNCSYS_Init.o]
Error[Li005]: no definition for "IPO_InitInterface" [referenced from F:\4. ¹¤×÷
          ÎÄ¼þ\ÊÛ»õ»úÍ¨ÓÃ¿ØÖÆÆ½Ì¨\ÏµÍ³¿ò¼Ü\IPO-LPC17XX\Project\Debug\Obj\CNCSYS
          _Init.o]
Error[Li005]: no definition for "IPO_InitData" [referenced from F:\4. ¹¤×÷ÎÄ¼þ\
          ÊÛ»õ»úÍ¨ÓÃ¿ØÖÆÆ½Ì¨\ÏµÍ³¿ò¼Ü\IPO-LPC17XX\Project\Debug\Obj\CNCSYS_Init
          .o]
Error[Li005]: no definition for "IPO_CreateRapidSpeedCtrlTable" [referenced
          from F:\4. ¹¤×÷ÎÄ¼þ\ÊÛ»õ»úÍ¨ÓÃ¿ØÖÆÆ½Ì¨\ÏµÍ³¿ò¼Ü\IPO-LPC17XX\Project\D
          ebug\Obj\CNCSYS_Init.o]
Error[Li005]: no definition for "IPO_CreateJogPosCtrlTable" [referenced from
          F:\4. ¹¤×÷ÎÄ¼þ\ÊÛ»õ»úÍ¨ÓÃ¿ØÖÆÆ½Ì¨\ÏµÍ³¿ò¼Ü\IPO-LPC17XX\Project\Debug\
          Obj\CNCSYS_Init.o]
Error[Li005]: no definition for "FlashRead" [referenced from F:\4. ¹¤×÷ÎÄ¼þ\ÊÛ»
          õ»úÍ¨ÓÃ¿ØÖÆÆ½Ì¨\ÏµÍ³¿ò¼Ü\IPO-LPC17XX\Project\Debug\Obj\SPM_SysCtrlPar
          m.o]
Error[Li005]: no definition for "Board_SystemInit" [referenced from F:\4. ¹¤×÷Î
          Ä¼þ\ÊÛ»õ»úÍ¨ÓÃ¿ØÖÆÆ½Ì¨\ÏµÍ³¿ò¼Ü\IPO-LPC17XX\Project\Debug\Obj\sysinit
          .o]
Error[Li005]: no definition for "ENET_systick" [referenced from F:\4. ¹¤×÷ÎÄ¼þ\
          ÊÛ»õ»úÍ¨ÓÃ¿ØÖÆÆ½Ì¨\ÏµÍ³¿ò¼Ü\IPO-LPC17XX\Project\Debug\Obj\SystemTick.
          o]
Error[Li005]: no definition for "IPO_MainCtrl" [referenced from F:\4. ¹¤×÷ÎÄ¼þ\
          ÊÛ»õ»úÍ¨ÓÃ¿ØÖÆÆ½Ì¨\ÏµÍ³¿ò¼Ü\IPO-LPC17XX\Project\Debug\Obj\CNCSYS_Init
          .o]
Error[Lp011]: section placement failed
          unable to allocate space for sections/blocks with a total estimated
                    minimum size of 0x108a8 bytes (max align 0x8) in
                    <[0x00007000-0x0000efff]> (total uncommitted space 0x7f34).


*******************************************************************************
*** RUNTIME MODEL ATTRIBUTES
***

CppFlavor       = *
__SystemLibrary = DLib


*******************************************************************************
*** PLACEMENT SUMMARY
***

"A1":  place at 0x00007000 { ro section .intvec };
"P1":  place in [from 0x00007000 to 0x0000efff] { ro };
"P2":  place in [from 0x10000000 to 0x10003fdf] { rw, block CSTACK, block HEAP };

  Section             Kind        Address     Size  Object
  -------             ----        -------     ----  ------
"A1":                                         0xcc
  .intvec             ro code  0x00007000     0xcc  startup_LPC17xx.o [1]
                             - 0x000070cc     0xcc

"P2":                                       0x2cf0
  P2 s0                        0x10000000     0x10  <Init block>
    .data             inited   0x10000000      0x8  CNCSYS_StateMan.o [1]
    .data             inited   0x10000008      0x4  ucom.o [1]
    __DLIB_PERTHREAD  inited   0x1000000c      0x4  errno.o [3]
  .bss                zero     0x10000010    0xd58  AHB_Init.o [1]
  .bss                zero     0x10000d68    0x3c8  MST_MCode.o [1]
  .bss                zero     0x10001130    0x218  CMU_ExApi.o [1]
  .bss                zero     0x10001348    0x200  CMU_PeriodDataMana.o [1]
  .bss                zero     0x10001548    0x200  DEV_Abstract.o [1]
  .bss                zero     0x10001748    0x1f0  CAN_DEV_Driver.o [1]
  .bss                zero     0x10001938    0x190  MST_MCode.o [1]
  .bss                zero     0x10001ac8    0x190  MST_TCode.o [1]
  .bss                zero     0x10001c58     0xf0  DEV_Abstract.o [1]
  .bss                zero     0x10001d48     0xa4  CSM_Interface.o [1]
  .bss                zero     0x10001dec     0xa0  DEV_Abstract.o [1]
  .bss                zero     0x10001e8c     0x1c  AbstractionLayer.o [1]
  .bss                zero     0x10001ea8     0x90  CSM_MainCtrl.o [1]
  .bss                zero     0x10001f38     0x80  UartInterface.o [1]
  .bss                zero     0x10001fb8     0x80  UartInterface.o [1]
  .bss                zero     0x10002038     0x60  CSM_MainCtrl.o [1]
  .bss                zero     0x10002098     0x58  ECM_ErrorCodeMan.o [1]
  .bss                zero     0x100020f0     0x50  CSM_MainCtrl.o [1]
  .bss                zero     0x10002140     0x50  SystemTick.o [1]
  .bss                zero     0x10002190     0x48  UartInterface.o [1]
  .bss                zero     0x100021d8     0x48  UartInterface.o [1]
  .bss                zero     0x10002220     0x40  ucom.o [1]
  .bss                zero     0x10002260     0x30  CMU_RcvDataProcess.o [1]
  .bss                zero     0x10002290     0x28  SystemTick.o [1]
  .bss                zero     0x100022b8     0x28  SystemTick.o [1]
  .bss                zero     0x100022e0     0x28  SystemTick.o [1]
  .bss                zero     0x10002308     0x20  CSM_ParmMan.o [1]
  .bss                zero     0x10002328     0x1c  AbstractionLayer.o [1]
  .bss                zero     0x10002344     0x1c  CAN_DEV_Driver.o [1]
  .bss                zero     0x10002360     0x1c  CSM_ProgBuf.o [1]
  .bss                zero     0x1000237c     0x1c  CSM_UserBuf.o [1]
  .bss                zero     0x10002398     0x18  AbstractionLayer.o [1]
  .bss                zero     0x100023b0     0x18  CMU_SendDataProcess.o [1]
  .bss                zero     0x100023c8     0x14  MST_Interface.o [1]
  .bss                zero     0x100023dc     0x10  CNCSYS_StateMan.o [1]
  .bss                zero     0x100023ec     0x10  MST_MainCtrl.o [1]
  .bss                zero     0x100023fc      0xc  CMU_RcvDataProcess.o [1]
  .bss                zero     0x10002408      0xc  CMU_RcvDataProcess.o [1]
  .bss                zero     0x10002414      0x8  CAN_DEV_Driver.o [1]
  .bss                zero     0x1000241c      0x8  CAN_DEV_Driver.o [1]
  .bss                zero     0x10002424      0x4  AbstractionLayer.o [1]
  .bss                zero     0x10002428      0x8  CNCSYS_StateMan.o [1]
  .bss                zero     0x10002430      0x8  DEV_Abstract.o [1]
  .bss                zero     0x10002438      0x8  DEV_Abstract.o [1]
  .bss                zero     0x10002440      0x8  SystemTick.o [1]
  .bss                zero     0x10002448      0x4  AHB_Init.o [1]
  .bss                zero     0x1000244c      0x4  CAN_DEV_Driver.o [1]
  .bss                zero     0x10002450      0x4  CAN_DEV_Driver.o [1]
  .bss                zero     0x10002454      0x4  CAN_DEV_Driver.o [1]
  .bss                zero     0x10002458      0x4  CAN_DEV_Driver.o [1]
  .bss                zero     0x1000245c      0x4  CAN_DEV_Driver.o [1]
  .bss                zero     0x10002460      0x4  CAN_DEV_Driver.o [1]
  .bss                zero     0x10002464      0x4  CMU_PubFun.o [1]
  .bss                zero     0x10002468      0x4  CMU_PubFun.o [1]
  .bss                zero     0x1000246c      0x4  CMU_RcvDataProcess.o [1]
  .bss                zero     0x10002470      0x4  CMU_SendDataProcess.o [1]
  .bss                zero     0x10002474      0x4  CSM_MainCtrl.o [1]
  .bss                zero     0x10002478      0x4  CSM_MainCtrl.o [1]
  .bss                zero     0x1000247c      0x4  CSM_MainCtrl.o [1]
  .bss                zero     0x10002480      0x4  CSM_ParmMan.o [1]
  .bss                zero     0x10002484      0x4  CSM_ParmMan.o [1]
  .bss                zero     0x10002488      0x4  CSM_ParmMan.o [1]
  .bss                zero     0x1000248c      0x4  CSM_ParmMan.o [1]
  .bss                zero     0x10002490      0x4  CSM_ProgBuf.o [1]
  .bss                zero     0x10002494      0x4  CSM_ProgBuf.o [1]
  .bss                zero     0x10002498      0x4  CSM_ProgBuf.o [1]
  .bss                zero     0x1000249c      0x4  CSM_UserBuf.o [1]
  .bss                zero     0x100024a0      0x4  CSM_UserBuf.o [1]
  .bss                zero     0x100024a4      0x4  SPM_SysCtrlParm.o [1]
  .bss                zero     0x100024a8      0x4  SPM_SysCtrlParm.o [1]
  .bss                zero     0x100024ac      0x4  SPM_SysCtrlParm.o [1]
  .bss                zero     0x100024b0      0x4  SPM_SysCtrlParm.o [1]
  .bss                zero     0x100024b4      0x4  SPM_SysCtrlParm.o [1]
  .bss                zero     0x100024b8      0x4  SystemTick.o [1]
  .bss                zero     0x100024bc      0x4  SystemTick.o [1]
  .bss                zero     0x100024c0      0x4  SystemTick.o [1]
  .bss                zero     0x100024c4      0x4  SystemTick.o [1]
  .bss                zero     0x100024c8      0x4  SystemTick.o [1]
  .bss                zero     0x100024cc      0x2  CSM_Interface.o [1]
  .bss                zero     0x100024ce      0x2  CSM_UserBuf.o [1]
  .bss                zero     0x100024d0      0x2  MST_MainCtrl.o [1]
  .bss                zero     0x100024d2      0x2  ucom.o [1]
  .bss                zero     0x100024d4      0x2  ucom.o [1]
  .bss                zero     0x100024d6      0x2  ucom.o [1]
  .bss                zero     0x100024d8      0x1  AbstractionLayer.o [1]
  .bss                zero     0x100024d9      0x1  AbstractionLayer.o [1]
  .bss                zero     0x100024da      0x1  AbstractionLayer.o [1]
  .bss                zero     0x100024db      0x1  CAN_DEV_Driver.o [1]
  .bss                zero     0x100024dc      0x1  CMU_PeriodDataMana.o [1]
  .bss                zero     0x100024dd      0x1  CMU_PeriodDataMana.o [1]
  .bss                zero     0x100024de      0x1  CMU_PeriodDataMana.o [1]
  .bss                zero     0x100024df      0x1  CMU_PeriodDataMana.o [1]
  .bss                zero     0x100024e0      0x1  CMU_PubFun.o [1]
  .bss                zero     0x100024e1      0x1  CNCSYS_Init.o [1]
  .bss                zero     0x100024e2      0x1  DEV_Abstract.o [1]
  .bss                zero     0x100024e3      0x1  DEV_Abstract.o [1]
  .bss                zero     0x100024e4      0x1  DEV_Abstract.o [1]
  .bss                zero     0x100024e5      0x1  DEV_Abstract.o [1]
  .bss                zero     0x100024e6      0x1  DEV_Abstract.o [1]
  .bss                zero     0x100024e7      0x1  DEV_Abstract.o [1]
  .bss                zero     0x100024e8      0x1  UartInterface.o [1]
  .bss                zero     0x100024e9      0x1  ucom.o [1]
  CSTACK                       0x100024f0    0x800  <Block>
    CSTACK            uninit   0x100024f0    0x800  <Block tail>
                             - 0x10002cf0   0x2cf0

"P1", part 1 of 2 (*** FAILED ***):        0x10898
  .text               ro code               0x255c  CAN_DEV_ComMana.o [1]
  .text               ro code                 0x66  ABImemset.o [5]
  .text               ro code                0x180  DblSub.o [4]
  .text               ro code                 0x2e  DblCmpGe.o [4]
  .text               ro code                 0x4e  FltToDbl.o [4]
  .text               ro code                0x1a2  DblMul.o [4]
  .text               ro code                 0x90  DblToFlt.o [4]
  .text               ro code                 0x30  I32ToDbl.o [4]
  .text               ro code                 0x2e  DblCmpLe.o [4]
  .text               ro code                 0x76  ABImemcpy_unaligned.o [5]
  .text               ro code                 0x1e  I32ToFlt.o [4]
  .text               ro code                0x256  DblDiv.o [4]
  .text               ro code                 0x62  memcmp_unaligned.o [5]
  .text               ro code                 0xe8  DblAdd.o [4]
  .text               ro code               0x19fc  CMU_CmdProcess.o [1]
  .text               ro code                0x388  CMU_SendDataProcess.o [1]
  .text               ro code                0xa28  CMU_PeriodDataMana.o [1]
  .text               ro code                0x15c  CMU_PubFun.o [1]
  .text               ro code                 0x48  CMU_ErrorMana.o [1]
  .text               ro code                0x270  AbstractionLayer.o [1]
  .text               ro code                 0x2c  DblToI32.o [4]
  .text               ro code                0xe34  CMU_ExApi.o [1]
  .text               ro code                0x35c  CMU_RcvDataProcess.o [1]
  .text               ro code               0x1400  CAN_DEV_Driver.o [1]
  .text               ro code               0x13a0  DEV_Abstract.o [1]
  .text               ro code                0x180  ECM_ErrorCodeMan.o [1]
  .text               ro code                0xf14  SPM_SysCtrlParm.o [1]
  .text               ro code                 0xf8  CNCSYS_StateMan.o [1]
  .text               ro code                0xbe0  CSM_CrdSysState.o [1]
  .text               ro code                0x28e  SPM_ParmCheck.o [1]
  .text               ro code                0x4c8  CSM_ProgBuf.o [1]
  .text               ro code                0x334  CSM_UserBuf.o [1]
  .text               ro code                 0x1c  FltCmpEq.o [4]
  .text               ro code                0x8aa  CSM_MainCtrl.o [1]
  .text               ro code                0x218  CSM_ParmMan.o [1]
  .text               ro code                0x2c0  CSM_AxisStateMan.o [1]
  .text               ro code                 0x24  FltCmpLe.o [4]
  .text               ro code                0x694  CSM_AutoCtrl.o [1]
  .text               ro code                0xa88  CSM_CircleDataProcess.o [1]
  .text               ro code                 0xf0  sqrt.o [4]
  .text               ro code                 0xcc  atan2.o [4]
  .text               ro code                  0x8  abs.o [3]
  .text               ro code                  0xc  iarEdom.o [5]
  .text               ro code                 0x32  xdtest.o [4]
  .text               ro code                 0x2c  copy_init3.o [5]
  .text               ro code                0x1e0  xatan.o [4]
  .text               ro code                  0xc  errno.o [3]
  .text               ro code                  0x2  xtls.o [3]
  .text               ro code                0x8c8  CSM_AxisMotion.o [1]
  .text               ro code                 0x24  FltCmpGe.o [4]
  .text               ro code                0x4e4  CSM_UserProgData.o [1]
  .text               ro code                0x4c8  SYS_Init.o [1]
  .text               ro code                0x1b4  UartInterface.o [1]
  .text               ro code                 0x18  sysinit.o [1]
  .text               ro code                  0x4  LEDIOCtrl.o [1]
  .text               ro code                 0x10  GPIOCtrl.o [1]
  .text               ro code                  0xe  DAC.o [1]
  .text               ro code                  0xa  QEI.o [1]
  .text               ro code                0x164  SystemTick.o [1]
  .text               ro code                0x4bc  CNCSYS_Init.o [1]
  .text               ro code                 0x2c  UART.o [1]
  .text               ro code                0x34c  ucom.o [1]
  .text               ro code                 0x20  MST_Interface.o [1]
  .text               ro code                0x2c4  MST_MainCtrl.o [1]
  .text               ro code                0x1e0  CSM_Interface.o [1]
  .text               ro code                 0x28  AHB_Init.o [1]
  .text               ro code                 0xca  SDRAM_AddrDef.o [1]
  .text               ro code                0x324  MST_MCode.o [1]
  .text               ro code                 0x5c  MST_TCode.o [1]
  .text               ro code                 0x68  UREG_DataMan.o [1]
  .text               ro code                 0x58  CSM_Version.o [1]
  .text               ro code                 0x40  zero_init3.o [5]
  .text               ro code                 0x28  data_init.o [5]
  .iar.init_table     const                   0x18  - Linker created -
  .text               ro code                 0x1a  cmain.o [5]
  .text               ro code                  0x4  low_level_init.o [3]
  .text               ro code                  0xc  Main.o [1]
  .text               ro code                  0x4  exit.o [3]
  .text               ro code                  0xa  cexit.o [5]
  .text               ro code                 0x14  exit.o [6]
  .text               ro code                 0x10  startup_LPC17xx.o [1]
  .rodata             const                    0xc  CNCSYS_StateMan.o [1]
  .text               ro code                  0xc  cstartup_M.o [5]
  .rodata             const                    0x8  CAN_DEV_Driver.o [1]
  .rodata             const                    0x8  CSM_Version.o [1]
  .rodata             const                    0x8  UartInterface.o [1]
  .rodata             const                    0x8  ucom.o [1]
  .text               ro code                  0x4  startup_LPC17xx.o [1]
  .text               ro code                  0x4  startup_LPC17xx.o [1]
  .text               ro code                  0x4  startup_LPC17xx.o [1]
  .text               ro code                  0x4  startup_LPC17xx.o [1]
  .text               ro code                  0x4  startup_LPC17xx.o [1]
  .text               ro code                  0x4  startup_LPC17xx.o [1]
  .text               ro code                  0x4  startup_LPC17xx.o [1]
  .text               ro code                  0x4  startup_LPC17xx.o [1]
  .text               ro code                  0x4  startup_LPC17xx.o [1]
  .text               ro code                  0x4  startup_LPC17xx.o [1]
  .text               ro code                  0x4  startup_LPC17xx.o [1]
  .text               ro code                  0x4  startup_LPC17xx.o [1]
  .text               ro code                  0x4  startup_LPC17xx.o [1]
  .text               ro code                  0x4  startup_LPC17xx.o [1]
  .text               ro code                  0x4  startup_LPC17xx.o [1]
  .text               ro code                  0x4  startup_LPC17xx.o [1]
  .text               ro code                  0x4  startup_LPC17xx.o [1]
  .text               ro code                  0x4  startup_LPC17xx.o [1]
  .text               ro code                  0x4  startup_LPC17xx.o [1]
  .text               ro code                  0x4  startup_LPC17xx.o [1]
  .text               ro code                  0x4  startup_LPC17xx.o [1]
  .text               ro code                  0x4  startup_LPC17xx.o [1]
  .text               ro code                  0x4  startup_LPC17xx.o [1]
  .text               ro code                  0x4  startup_LPC17xx.o [1]
  .text               ro code                  0x4  startup_LPC17xx.o [1]
  .text               ro code                  0x4  startup_LPC17xx.o [1]
  .text               ro code                  0x4  startup_LPC17xx.o [1]
  .text               ro code                  0x4  startup_LPC17xx.o [1]
  .text               ro code                  0x4  startup_LPC17xx.o [1]
  .text               ro code                  0x4  startup_LPC17xx.o [1]
  .text               ro code                  0x4  startup_LPC17xx.o [1]
  .text               ro code                  0x4  startup_LPC17xx.o [1]
  .text               ro code                  0x4  startup_LPC17xx.o [1]
  .text               ro code                  0x4  startup_LPC17xx.o [1]
  .text               ro code                  0x4  startup_LPC17xx.o [1]
  .text               ro code                  0x4  startup_LPC17xx.o [1]
  .text               ro code                  0x4  startup_LPC17xx.o [1]
  .text               ro code                  0x4  startup_LPC17xx.o [1]
  .text               ro code                  0x4  startup_LPC17xx.o [1]
  .text               ro code                  0x4  startup_LPC17xx.o [1]
  .text               ro code                  0x4  startup_LPC17xx.o [1]
  .text               ro code                  0x4  startup_LPC17xx.o [1]
  .text               ro code                  0x4  startup_LPC17xx.o [1]
  CRPKEY              ro code                  0x0  startup_LPC17xx.o [1]
  .rodata             const                    0x0  zero_init3.o [5]
  .rodata             const                    0x0  copy_init3.o [5]
                                           0x10898

"P1", part 2 of 2 (*** FAILED ***):           0x10
  Initializer bytes   const                   0x10  <for P2 s0> (used: 0x0)
                                              0x10


*******************************************************************************
*** INIT TABLE
***

          Address     Size
          -------     ----
Zero (__iar_zero_init3)
    1 destination range, total size 0x24da:
          0x10000010  0x24da

Copy (__iar_copy_init3)
    1 destination range, total size 0x10:
          0x10000000    0x10



*******************************************************************************
*** MODULE SUMMARY
***

    Module                   ro code  ro data  rw data
    ------                   -------  -------  -------
F:\4. ¹¤×÷ÎÄ¼þ\ÊÛ»õ»úÍ¨ÓÃ¿ØÖÆÆ½Ì¨\ÏµÍ³¿ò¼Ü\IPO-LPC17XX\Project\Debug\Obj: [1]
    AHB_Init.o                    40             3 420
    AbstractionLayer.o           624                87
    CAN_DEV_ComMana.o          9 564
    CAN_DEV_Driver.o           5 120        8      565
    CMU_CmdProcess.o           6 652
    CMU_ErrorMana.o               72
    CMU_ExApi.o                3 636               536
    CMU_PeriodDataMana.o       2 600               516
    CMU_PubFun.o                 348                 9
    CMU_RcvDataProcess.o         860                76
    CMU_SendDataProcess.o        904                28
    CNCSYS_Init.o              1 212                 1
    CNCSYS_StateMan.o            248       12       32
    CSM_AutoCtrl.o             1 684
    CSM_AxisMotion.o           2 248
    CSM_AxisStateMan.o           704
    CSM_CircleDataProcess.o    2 696
    CSM_CrdSysState.o          3 040
    CSM_Interface.o              480               166
    CSM_MainCtrl.o             2 218               332
    CSM_ParmMan.o                536                48
    CSM_ProgBuf.o              1 224                40
    CSM_UserBuf.o                820                38
    CSM_UserProgData.o         1 252
    CSM_Version.o                 88        8
    DAC.o                         14
    DEV_Abstract.o             5 024               934
    ECM_ErrorCodeMan.o           384                88
    GPIOCtrl.o                    16
    LEDIOCtrl.o                    4
    MST_Interface.o               32                20
    MST_MCode.o                  804             1 368
    MST_MainCtrl.o               708                18
    MST_TCode.o                   92               400
    Main.o                        12
    QEI.o                         10
    SDRAM_AddrDef.o              202
    SPM_ParmCheck.o              654
    SPM_SysCtrlParm.o          3 860                20
    SYS_Init.o                 1 224
    SystemTick.o                 356               228
    UART.o                        44
    UREG_DataMan.o               104
    UartInterface.o              436        8      401
    startup_LPC17xx.o            392
    sysinit.o                     24
    ucom.o                       844        8       75
    --------------------------------------------------
    Total:                    64 110       44    9 446

command line: [2]
    --------------------------------------------------
    Total:

dl7M_tln.a: [3]
    abs.o                          8
    errno.o                       12                 4
    exit.o                         4
    low_level_init.o               4
    xtls.o                         2
    --------------------------------------------------
    Total:                        30                 4

m7M_tl.a: [4]
    DblAdd.o                     232
    DblCmpGe.o                    46
    DblCmpLe.o                    46
    DblDiv.o                     598
    DblMul.o                     418
    DblSub.o                     384
    DblToFlt.o                   144
    DblToI32.o                    44
    FltCmpEq.o                    28
    FltCmpGe.o                    36
    FltCmpLe.o                    36
    FltToDbl.o                    78
    I32ToDbl.o                    48
    I32ToFlt.o                    30
    atan2.o                      204
    sqrt.o                       240
    xatan.o                      480
    xdtest.o                      50
    --------------------------------------------------
    Total:                     3 142

rt7M_tl.a: [5]
    ABImemcpy_unaligned.o        118
    ABImemset.o                  102
    cexit.o                       10
    cmain.o                       26
    copy_init3.o                  44
    cstartup_M.o                  12
    data_init.o                   40
    iarEdom.o                     12
    memcmp_unaligned.o            98
    zero_init3.o                  64
    --------------------------------------------------
    Total:                       526

shb_l.a: [6]
    exit.o                        20
    --------------------------------------------------
    Total:                        20

    Gaps                          32
    Linker created                         40    2 048
------------------------------------------------------
    Grand Total:              67 860       84   11 498


*******************************************************************************
*** ENTRY LIST
***

Entry                      Address   Size  Type      Object
-----                      -------   ----  ----      ------
.iar.init_table$$Base   0x00010730          --   Gb  - Linker created -
.iar.init_table$$Limit  0x00010754          --   Gb  - Linker created -
?main                   0x00010755         Code  Gb  cmain.o [5]
ADDA_SetDAStatus        0x00009349   0x54  Code  Gb  DEV_Abstract.o [1]
AHB_Init                0x00010195   0x28  Code  Gb  AHB_Init.o [1]
Adda_CmdProcess         0x00004691   0x74  Code  Gb  CMU_CmdProcess.o [1]
Adda_NomalGetCmdProcess
                        0x00004649   0x48  Code  Gb  CMU_CmdProcess.o [1]
Adda_NomalSetCmdProcess
                        0x000045f5   0x54  Code  Gb  CMU_CmdProcess.o [1]
ArcCCmdTranslate        0x00003283   0x56  Code  Gb  CMU_CmdProcess.o [1]
ArcPTCmdTranslate       0x0000332d   0x42  Code  Gb  CMU_CmdProcess.o [1]
ArcRCmdTranslate        0x000032d9   0x54  Code  Gb  CMU_CmdProcess.o [1]
AskForRsPermit          0x00000181   0xbe  Code  Gb  CAN_DEV_ComMana.o [1]
AxisPosCtrlMotionFun    0x00005adb    0x6  Code  Gb  CMU_ExApi.o [1]
AxisSpeedCtrlMotionFun  0x00005ae1    0x6  Code  Gb  CMU_ExApi.o [1]
CAN_DEV_AsynCycleService
                        0x00007c7d   0x74  Code  Gb  CAN_DEV_Driver.o [1]
CAN_DEV_BusInit         0x00006c11   0xfc  Code  Gb  CAN_DEV_Driver.o [1]
CAN_DEV_CheckFree       0x000077bb   0x4a  Code  Gb  CAN_DEV_Driver.o [1]
CAN_DEV_CheckLastCmdExeState
                        0x00007909   0x48  Code  Gb  CAN_DEV_Driver.o [1]
CAN_DEV_GetBusDriver    0x00007f45   0x4e  Code  Gb  CAN_DEV_Driver.o [1]
CAN_DEV_GetDriverVersion
                        0x00007f2b   0x12  Code  Gb  CAN_DEV_Driver.o [1]
CAN_DEV_GetSvParm       0x00007cf1  0x130  Code  Gb  CAN_DEV_Driver.o [1]
CAN_DEV_GetVersion      0x00007e21  0x10a  Code  Gb  CAN_DEV_Driver.o [1]
CAN_DEV_IsBusFree       0x00007805   0x56  Code  Gb  CAN_DEV_Driver.o [1]
CAN_DEV_LockForIPO      0x0000785b   0xa4  Code  Gb  CAN_DEV_Driver.o [1]
CAN_DEV_Scan            0x00007155  0x33c  Code  Gb  CAN_DEV_Driver.o [1]
CAN_DEV_SendFeed        0x00007491   0xe4  Code  Gb  CAN_DEV_Driver.o [1]
CAN_DEV_SetAxisParmReadAddr
                        0x0000712f    0x8  Code  Gb  CAN_DEV_Driver.o [1]
CAN_DEV_SetCmd          0x00007575  0x246  Code  Gb  CAN_DEV_Driver.o [1]
CAN_DEV_SetComInterface
                        0x00007f93   0x14  Code  Gb  CAN_DEV_Driver.o [1]
CAN_DEV_SetConfig       0x00006d0d  0x422  Code  Gb  CAN_DEV_Driver.o [1]
CAN_DEV_SetDeviceInfoAddr
                        0x0000713f    0xe  Code  Gb  CAN_DEV_Driver.o [1]
CAN_DEV_SetDeviceStateAddr
                        0x0000714d    0x8  Code  Gb  CAN_DEV_Driver.o [1]
CAN_DEV_SetExternalApi  0x00007fa7    0x6  Code  Gb  CAN_DEV_Driver.o [1]
CAN_DEV_SetParm         0x00007975  0x176  Code  Gb  CAN_DEV_Driver.o [1]
CAN_DEV_SetSysCtrlParmReadAddr
                        0x00007137    0x8  Code  Gb  CAN_DEV_Driver.o [1]
CAN_DEV_SynCycleService
                        0x00007aeb  0x192  Code  Gb  CAN_DEV_Driver.o [1]
CMU_AddInqRecord        0x00004c51  0x16a  Code  Gb  CMU_PeriodDataMana.o [1]
CMU_AddToSendCtrlData   0x00004951   0x44  Code  Gb  CMU_SendDataProcess.o [1]
CMU_CheckSendBufFreeSize
                        0x0000491b   0x12  Code  Gb  CMU_SendDataProcess.o [1]
CMU_CmdProcess          0x000047c5   0xc4  Code  Gb  CMU_CmdProcess.o [1]
CMU_CreateError         0x0000579d   0x48  Code  Gb  CMU_ErrorMana.o [1]
CMU_GetSendBufAddr      0x0000492d   0x24  Code  Gb  CMU_SendDataProcess.o [1]
CMU_Init                0x000056bf   0x44  Code  Gb  CMU_PubFun.o [1]
CMU_InitExApi           0x00005c2d  0xb62  Code  Gb  CMU_ExApi.o [1]
CMU_InitRecCtrlData     0x000068b5   0x64  Code  Gb  CMU_RcvDataProcess.o [1]
CMU_IsInqTimeUp         0x000054c5   0x66  Code  Gb  CMU_PeriodDataMana.o [1]
CMU_IsSendFinished      0x00004891   0x12  Code  Gb  CMU_SendDataProcess.o [1]
CMU_MainPeriodInqProc   0x0000552b   0x98  Code  Gb  CMU_PeriodDataMana.o [1]
CMU_MainProc            0x00005703   0x68  Code  Gb  CMU_PubFun.o [1]
CMU_MainRcvProc         0x00006b7b   0x82  Code  Gb  CMU_RcvDataProcess.o [1]
CMU_MainSendProc        0x000049cf  0x23e  Code  Gb  CMU_SendDataProcess.o [1]
CMU_Malloc              0x00005659   0x66  Code  Gb  CMU_PubFun.o [1]
CMU_PeriodDataManaInit  0x00004c19   0x30  Code  Gb  CMU_PeriodDataMana.o [1]
CMU_PeriodSendSwitch    0x00004c49    0x8  Code  Gb  CMU_PeriodDataMana.o [1]
CMU_ReportErrorProc     0x000055c3   0x66  Code  Gb  CMU_PeriodDataMana.o [1]
CMU_ResetSendCtrlData   0x000048a3   0x78  Code  Gb  CMU_SendDataProcess.o [1]
CMU_SendPeriodDataProc  0x00005471   0x54  Code  Gb  CMU_PeriodDataMana.o [1]
CMU_SendResponsePack    0x00004995   0x3a  Code  Gb  CMU_SendDataProcess.o [1]
CMU_SetCanInterface     0x000057e5   0x2e  Code  Gb  AbstractionLayer.o [1]
CMU_SetComType          0x0000576b   0x24  Code  Gb  CMU_PubFun.o [1]
CMU_SetEnetInterface    0x00005813   0x20  Code  Gb  AbstractionLayer.o [1]
CMU_SetExternFun        0x00006795   0x16  Code  Gb  CMU_ExApi.o [1]
CMU_SetRSBufAddr        0x00005641   0x18  Code  Gb  CMU_PubFun.o [1]
CMU_SetUartInterface    0x00005833   0x20  Code  Gb  AbstractionLayer.o [1]
CNCSYS_IPOInSysTick     0x0000f49d   0x1a  Code  Gb  CNCSYS_Init.o [1]
CNCSYS_Init             0x0000f855   0x98  Code  Gb  CNCSYS_Init.o [1]
CNCSYS_MainCtrl         0x0000f8ed   0x6c  Code  Gb  CNCSYS_Init.o [1]
COM_AL_GetComType       0x00005913    0x6  Code  Gb  AbstractionLayer.o [1]
COM_AL_GetMaxSendLen    0x000059b3   0x30  Code  Gb  AbstractionLayer.o [1]
COM_AL_GetMaxSendPacks  0x000059e3   0x22  Code  Gb  AbstractionLayer.o [1]
COM_AL_GetPack          0x00005919   0x4e  Code  Gb  AbstractionLayer.o [1]
COM_AL_Init             0x00005853    0xe  Code  Gb  AbstractionLayer.o [1]
COM_AL_Open             0x00005861   0xb2  Code  Gb  AbstractionLayer.o [1]
COM_AL_RcvHandle        0x00005a05   0x32  Code  Gb  AbstractionLayer.o [1]
COM_AL_SendPack         0x00005967   0x4c  Code  Gb  AbstractionLayer.o [1]
COM_PL_PackDataProc     0x00006a69  0x112  Code  Gb  CMU_RcvDataProcess.o [1]
COM_PL_ResetRcvCtrlData
                        0x00006919   0x3e  Code  Gb  CMU_RcvDataProcess.o [1]
COM_PL_SavePackToRcvCtrlData
                        0x000069f3   0x76  Code  Gb  CMU_RcvDataProcess.o [1]
COM_PL_WaitForProcResult
                        0x00006957   0x9c  Code  Gb  CMU_RcvDataProcess.o [1]
CRP_Value               0x00010899         Code  Gb  startup_LPC17xx.o [1]
CSM_AddProgDataToBuf    0x0000b621   0xb8  Code  Gb  CSM_ProgBuf.o [1]
CSM_AddUserDataToBuf    0x0000ba59   0xce  Code  Gb  CSM_UserBuf.o [1]
CSM_AllChProgEStop      0x0000ac73    0xe  Code  Gb  CSM_CrdSysState.o [1]
CSM_AutoMainCtrl        0x0000ccf3  0x2f8  Code  Gb  CSM_AutoCtrl.o [1]
CSM_AxisJogEStop        0x0000e3b3   0x48  Code  Gb  CSM_AxisMotion.o [1]
CSM_CheckAxisAlarm      0x0000a8af   0x42  Code  Gb  CSM_CrdSysState.o [1]
CSM_CheckCrdSysFree     0x0000a53d   0x1a  Code  Gb  CSM_CrdSysState.o [1]
CSM_CheckCrdSysInterrelation
                        0x0000c571   0x12  Code  Gb  CSM_ParmMan.o [1]
CSM_CheckCurLineGCodeExeFinish
                        0x0000c9e1   0x64  Code  Gb  CSM_AutoCtrl.o [1]
CSM_CheckGCodeExeFinish
                        0x0000c96d   0x74  Code  Gb  CSM_AutoCtrl.o [1]
CSM_CheckGCodeExist     0x0000ca45   0x18  Code  Gb  CSM_AutoCtrl.o [1]
CSM_CheckMotorReadyForJog
                        0x0000dea9  0x190  Code  Gb  CSM_AxisMotion.o [1]
CSM_CheckProgDataVaild  0x0000ca5d   0x3c  Code  Gb  CSM_AutoCtrl.o [1]
CSM_CheckResetState     0x0000a625   0x1a  Code  Gb  CSM_CrdSysState.o [1]
CSM_CheckSysFree        0x0000a557   0x20  Code  Gb  CSM_CrdSysState.o [1]
CSM_CircleDataProcess   0x0000da2d   0x5c  Code  Gb  CSM_CircleDataProcess.o [1]
CSM_CircleDataProcess_CenterPT
                        0x0000d84b  0x1ac  Code  Gb  CSM_CircleDataProcess.o [1]
CSM_CircleDataProcess_Radius
                        0x0000d5df  0x26c  Code  Gb  CSM_CircleDataProcess.o [1]
CSM_CircleDataProcess_ThreePT
                        0x0000d001  0x5de  Code  Gb  CSM_CircleDataProcess.o [1]
CSM_ClearProgData       0x0000b535   0xac  Code  Gb  CSM_ProgBuf.o [1]
CSM_ClearProgExeState   0x0000af55   0x54  Code  Gb  CSM_CrdSysState.o [1]
CSM_ClearUserData       0x0000b9e9   0x30  Code  Gb  CSM_UserBuf.o [1]
CSM_EnableSingleSegmentMode
                        0x0000a7eb   0xc4  Code  Gb  CSM_CrdSysState.o [1]
CSM_EnableVerify        0x0000a735   0xb6  Code  Gb  CSM_CrdSysState.o [1]
CSM_GetAllCrdSysMask    0x0000c583   0x1c  Code  Gb  CSM_ParmMan.o [1]
CSM_GetAxisCmdPos       0x0000c6ab   0x24  Code  Gb  CSM_AxisStateMan.o [1]
CSM_GetAxisMapMotorMask
                        0x0000c5d9   0x34  Code  Gb  CSM_ParmMan.o [1]
CSM_GetAxisMapMotorNO   0x0000c5ad   0x2c  Code  Gb  CSM_ParmMan.o [1]
CSM_GetAxisStateData    0x0000c689   0x22  Code  Gb  CSM_AxisStateMan.o [1]
CSM_GetCrdSysAxisCount  0x0000c59f    0xe  Code  Gb  CSM_ParmMan.o [1]
CSM_GetCrdSysCount      0x0000c569    0x8  Code  Gb  CSM_ParmMan.o [1]
CSM_GetCrdSysStateReadAddr
                        0x0000b0f1    0xa  Code  Gb  CSM_CrdSysState.o [1]
CSM_GetCtrlMode         0x0000a6e5   0x14  Code  Gb  CSM_CrdSysState.o [1]
CSM_GetMotorMapCrdSysIndex
                        0x0000c60d   0x60  Code  Gb  CSM_ParmMan.o [1]
CSM_GetProgBufStateReadAddr
                        0x0000b845    0xa  Code  Gb  CSM_ProgBuf.o [1]
CSM_GetProgBufStatus    0x0000b7c5    0xc  Code  Gb  CSM_ProgBuf.o [1]
CSM_GetProgData         0x0000b6d9   0x90  Code  Gb  CSM_ProgBuf.o [1]
CSM_GetUserBufStateReadAddr
                        0x0000bb85    0xa  Code  Gb  CSM_UserBuf.o [1]
CSM_GetVersion          0x00010671   0x58  Code  Gb  CSM_Version.o [1]
CSM_InitCrdSysMotorIndex
                        0x0000c4af   0xba  Code  Gb  CSM_ParmMan.o [1]
CSM_InitData            0x0000bbc5   0xd0  Code  Gb  CSM_MainCtrl.o [1]
CSM_InitInterface       0x0000ffb5  0x1e0  Code  Gb  CSM_Interface.o [1]
CSM_InitProgBuf         0x0000b3bb   0xf8  Code  Gb  CSM_ProgBuf.o [1]
CSM_InitUserBuf         0x0000b883   0xde  Code  Gb  CSM_UserBuf.o [1]
CSM_MainCtrl            0x0000c40f   0x60  Code  Gb  CSM_MainCtrl.o [1]
CSM_MonitorAxisAlarm    0x0000c3e1   0x2e  Code  Gb  CSM_MainCtrl.o [1]
CSM_MonitorCrdSysAlarm  0x0000c38f   0x32  Code  Gb  CSM_MainCtrl.o [1]
CSM_MonitorSysAlarm     0x0000bc9d   0x1c  Code  Gb  CSM_MainCtrl.o [1]
CSM_MotorJogEStop       0x0000e745   0x12  Code  Gb  CSM_AxisMotion.o [1]
CSM_ParmManInit         0x0000c487   0x28  Code  Gb  CSM_ParmMan.o [1]
CSM_ProcessCtrlStatus   0x0000bcb9  0x482  Code  Gb  CSM_MainCtrl.o [1]
CSM_ProcessGCode        0x0000ca99  0x25a  Code  Gb  CSM_AutoCtrl.o [1]
CSM_ProgArcC            0x0000e9c5   0xea  Code  Gb  CSM_UserProgData.o [1]
CSM_ProgArcPT           0x0000eb93   0xda  Code  Gb  CSM_UserProgData.o [1]
CSM_ProgArcR            0x0000eaaf   0xe4  Code  Gb  CSM_UserProgData.o [1]
CSM_ProgBCode           0x0000e84d   0x2e  Code  Gb  CSM_UserProgData.o [1]
CSM_ProgCancel          0x0000afa9  0x122  Code  Gb  CSM_CrdSysState.o [1]
CSM_ProgDwell           0x0000e795   0x30  Code  Gb  CSM_UserProgData.o [1]
CSM_ProgEStop           0x0000ac81   0xde  Code  Gb  CSM_CrdSysState.o [1]
CSM_ProgHold            0x0000ae5d   0xf8  Code  Gb  CSM_CrdSysState.o [1]
CSM_ProgIOCode          0x0000e87b   0x46  Code  Gb  CSM_UserProgData.o [1]
CSM_ProgLine            0x0000e941   0x84  Code  Gb  CSM_UserProgData.o [1]
CSM_ProgMCode           0x0000e7c5   0x2c  Code  Gb  CSM_UserProgData.o [1]
CSM_ProgRapid           0x0000e8c1   0x80  Code  Gb  CSM_UserProgData.o [1]
CSM_ProgRun             0x0000a8f1  0x266  Code  Gb  CSM_CrdSysState.o [1]
CSM_ProgSCode           0x0000e7f1   0x2e  Code  Gb  CSM_UserProgData.o [1]
CSM_ProgSegmentEndStop  0x0000ad5f   0xfe  Code  Gb  CSM_CrdSysState.o [1]
CSM_ProgStop            0x0000ab57  0x11c  Code  Gb  CSM_CrdSysState.o [1]
CSM_ProgTCode           0x0000e81f   0x2e  Code  Gb  CSM_UserProgData.o [1]
CSM_ReleaseProgData     0x0000b769   0x5c  Code  Gb  CSM_ProgBuf.o [1]
CSM_Reset               0x0000a577   0xae  Code  Gb  CSM_CrdSysState.o [1]
CSM_SetAxisJogStop      0x0000e311   0xa2  Code  Gb  CSM_AxisMotion.o [1]
CSM_SetAxisPosCtrlMotion
                        0x0000e039  0x16c  Code  Gb  CSM_AxisMotion.o [1]
CSM_SetAxisSpeedCtrlMotion
                        0x0000e1a5  0x16c  Code  Gb  CSM_AxisMotion.o [1]
CSM_SetCrdSysAlarmBit   0x0000b0cb   0x1c  Code  Gb  CSM_CrdSysState.o [1]
CSM_SetCtrlMode         0x0000a63f   0xa6  Code  Gb  CSM_CrdSysState.o [1]
CSM_SetFeedOverride     0x0000a6f9   0x14  Code  Gb  CSM_CrdSysState.o [1]
CSM_SetMotorJogStop     0x0000e687   0xbe  Code  Gb  CSM_AxisMotion.o [1]
CSM_SetMotorPosCtrlMotion
                        0x0000e3fb  0x152  Code  Gb  CSM_AxisMotion.o [1]
CSM_SetMotorSpeedCtrlMotion
                        0x0000e54d  0x13a  Code  Gb  CSM_AxisMotion.o [1]
CSM_SetProgBufAddr      0x0000b3ad    0xe  Code  Gb  CSM_ProgBuf.o [1]
CSM_SetProgBufMode      0x0000b4b3   0x82  Code  Gb  CSM_ProgBuf.o [1]
CSM_SetRapidOverride    0x0000a70d   0x14  Code  Gb  CSM_CrdSysState.o [1]
CSM_SetSpindleOverride  0x0000a721   0x14  Code  Gb  CSM_CrdSysState.o [1]
CSM_SetSysParmReadAddr  0x0000c471   0x16  Code  Gb  CSM_ParmMan.o [1]
CSM_SetUserBufAddr      0x0000b875    0xe  Code  Gb  CSM_UserBuf.o [1]
CSM_SetUserBufMode      0x0000b961   0x88  Code  Gb  CSM_UserBuf.o [1]
CSM_SpindleRun          0x0000b0fb    0x6  Code  Gb  CSM_CrdSysState.o [1]
CSM_SpindleStop         0x0000b101    0x6  Code  Gb  CSM_CrdSysState.o [1]
CSM_UpdateCrdSysAxisMapTable
                        0x0000bc95    0x8  Code  Gb  CSM_MainCtrl.o [1]
CSM_UpdateIPOState      0x0000c171  0x21e  Code  Gb  CSM_MainCtrl.o [1]
CSM_UpdateMSTState      0x0000c13b   0x36  Code  Gb  CSM_MainCtrl.o [1]
CSM_UpdateProgBufUseStatus
                        0x0000b5e1   0x40  Code  Gb  CSM_ProgBuf.o [1]
CSM_UpdateUserBufUseStatus
                        0x0000ba19   0x40  Code  Gb  CSM_UserBuf.o [1]
CSM_UploadProgData      0x0000b7d1   0x74  Code  Gb  CSM_ProgBuf.o [1]
CSM_UploadUserData      0x0000bb27   0x5e  Code  Gb  CSM_UserBuf.o [1]
CSTACK$$Base            0x100024f0          --   Gb  - Linker created -
CSTACK$$Limit           0x10002cf0          --   Gb  - Linker created -
CrdGetAxisMapFun        0x00005aa7    0x4  Code  Gb  CMU_ExApi.o [1]
CrdGetCtrlParmFun       0x00005aab    0x4  Code  Gb  CMU_ExApi.o [1]
CrdGetProgBufStateFun   0x00005ab5    0x6  Code  Gb  CMU_ExApi.o [1]
CrdGetStateFun          0x00005aaf    0x6  Code  Gb  CMU_ExApi.o [1]
CrdLoadIIPDataFun       0x00005aa1    0x6  Code  Gb  CMU_ExApi.o [1]
CrdSetAxisMapFun        0x00005a95    0x6  Code  Gb  CMU_ExApi.o [1]
CrdSetCtrlParmFun       0x00005a9b    0x6  Code  Gb  CMU_ExApi.o [1]
Crd_CmdProcess          0x00003e4b   0x74  Code  Gb  CMU_CmdProcess.o [1]
Crd_NomalGetCmdProcess  0x00003bc5  0x286  Code  Gb  CMU_CmdProcess.o [1]
Crd_NomalSetCmdProcess  0x00003483  0x73c  Code  Gb  CMU_CmdProcess.o [1]
Crd_SetCrdCtrlParmEx    0x0000336f  0x114  Code  Gb  CMU_CmdProcess.o [1]
DEV_AsynCycleService    0x0000806d   0x36  Code  Gb  DEV_Abstract.o [1]
DEV_BlinkLED            0x000087df   0x70  Code  Gb  DEV_Abstract.o [1]
DEV_BusInit             0x0000828d  0x144  Code  Gb  DEV_Abstract.o [1]
DEV_CheckLastCmdExeState
                        0x00008d29   0x74  Code  Gb  DEV_Abstract.o [1]
DEV_CheckNonAxisDevAlarm
                        0x00008b45   0x6c  Code  Gb  DEV_Abstract.o [1]
DEV_DrvReg              0x000080a3  0x12a  Code  Gb  DEV_Abstract.o [1]
DEV_GetBusDriverVersion
                        0x00008aed   0x50  Code  Gb  DEV_Abstract.o [1]
DEV_GetCount            0x0000879b    0x8  Code  Gb  DEV_Abstract.o [1]
DEV_GetDevInfoReadAddr  0x00008bd7    0x4  Code  Gb  DEV_Abstract.o [1]
DEV_GetError            0x00008011   0x26  Code  Gb  DEV_Abstract.o [1]
DEV_GetInfo             0x000087ab   0x34  Code  Gb  DEV_Abstract.o [1]
DEV_GetMotorCount       0x000087a3    0x8  Code  Gb  DEV_Abstract.o [1]
DEV_GetStateReadAddr    0x00008bb1   0x26  Code  Gb  DEV_Abstract.o [1]
DEV_GetVersion          0x00008a93   0x5a  Code  Gb  DEV_Abstract.o [1]
DEV_Scan                0x000083d1  0x3ca  Code  Gb  DEV_Abstract.o [1]
DEV_SendCmd             0x00008cc1   0x58  Code  Gb  DEV_Abstract.o [1]
DEV_SendSysCtrlParm     0x00008229   0x64  Code  Gb  DEV_Abstract.o [1]
DEV_SendUpdateAppData   0x00008be1   0x6e  Code  Gb  DEV_Abstract.o [1]
DEV_SendUpdateBootData  0x00008c55   0x6c  Code  Gb  DEV_Abstract.o [1]
DEV_SetAxisParmReadAddr
                        0x000081cd   0x2e  Code  Gb  DEV_Abstract.o [1]
DEV_SetConfig           0x0000884f  0x244  Code  Gb  DEV_Abstract.o [1]
DEV_SetSysCtrlParmReadAddr
                        0x000081fb   0x2e  Code  Gb  DEV_Abstract.o [1]
DEV_SynCycleService     0x00008037   0x36  Code  Gb  DEV_Abstract.o [1]
DealWithAddCmd          0x0000033b  0x114  Code  Gb  CAN_DEV_ComMana.o [1]
DealWithRcvPack         0x00000b1f   0xa2  Code  Gb  CAN_DEV_ComMana.o [1]
ECM_GenerateErrorCode   0x000093b1   0x5a  Code  Gb  ECM_ErrorCodeMan.o [1]
ECM_GetErrorCode        0x00009507   0x26  Code  Gb  ECM_ErrorCodeMan.o [1]
ECM_GetErrorCodeStruct  0x000094b7   0x50  Code  Gb  ECM_ErrorCodeMan.o [1]
ECM_PutErrorCodeStructToBuf
                        0x00009441   0x76  Code  Gb  ECM_ErrorCodeMan.o [1]
ECM_PutErrorToBuf       0x0000940b   0x36  Code  Gb  ECM_ErrorCodeMan.o [1]
GPIO_GetHSpdInputStatus
                        0x0000f31d    0x4  Code  Gb  GPIOCtrl.o [1]
GPIO_GetHSpdOutputStatus
                        0x0000f319    0x4  Code  Gb  GPIOCtrl.o [1]
GPIO_Init               0x0000f311    0x2  Code  Gb  GPIOCtrl.o [1]
GPIO_SetHSpdOutputState
                        0x0000f313    0x6  Code  Gb  GPIOCtrl.o [1]
GetErrorCodeFun         0x00005c21    0x6  Code  Gb  CMU_ExApi.o [1]
GetPulseCtrlDataIndex   0x000017c5   0x1e  Code  Gb  CAN_DEV_ComMana.o [1]
GetTickCountFun         0x00005c27    0x6  Code  Gb  CMU_ExApi.o [1]
HQEI_GetHSpdQeiPos      0x0000f335    0x4  Code  Gb  QEI.o [1]
HQEI_GetHSpdQeiSpeed    0x0000f331    0x4  Code  Gb  QEI.o [1]
HQEI_Init               0x0000f32f    0x2  Code  Gb  QEI.o [1]
HW_UART_Enable          0x0000f97b    0xa  Code  Gb  UART.o [1]
HW_UART_Init            0x0000f959    0xc  Code  Gb  UART.o [1]
HW_UART_RecvBuff        0x0000f975    0x6  Code  Gb  UART.o [1]
HW_UART_SendBuff        0x0000f965   0x10  Code  Gb  UART.o [1]
HandleAddCmd            0x000014dd  0x26a  Code  Gb  CAN_DEV_ComMana.o [1]
HandleBlinkLedCmd       0x0000133d  0x1a0  Code  Gb  CAN_DEV_ComMana.o [1]
HandleOutputCmd         0x000010f3  0x17a  Code  Gb  CAN_DEV_ComMana.o [1]
HandleVerifyCmd         0x0000126d   0xca  Code  Gb  CAN_DEV_ComMana.o [1]
INQ_AddMotorPeriodData  0x000051b5   0xc0  Code  Gb  CMU_PeriodDataMana.o [1]
INQ_SendADDAPeriodDataProc
                        0x00005313   0xdc  Code  Gb  CMU_PeriodDataMana.o [1]
INQ_SendAxisPeriodDataProc
                        0x00005275   0x9e  Code  Gb  CMU_PeriodDataMana.o [1]
INQ_SendCrdPeriodDataProc
                        0x00004e25  0x390  Code  Gb  CMU_PeriodDataMana.o [1]
INQ_SendIoPeriodDataProc
                        0x000053ef   0x82  Code  Gb  CMU_PeriodDataMana.o [1]
INQ_SendSysPeriodDataProc
                        0x00004dbb   0x6a  Code  Gb  CMU_PeriodDataMana.o [1]
IO_SetOutPutPWMDuty     0x000092a1   0x54  Code  Gb  DEV_Abstract.o [1]
IO_SetOutPutPWMFreq     0x000092f5   0x54  Code  Gb  DEV_Abstract.o [1]
IO_SetOutPutPWMMode     0x0000924d   0x54  Code  Gb  DEV_Abstract.o [1]
IO_SetOutputStatus      0x000091f9   0x54  Code  Gb  DEV_Abstract.o [1]
IPOTick_GetTimePassed   0x0000f411   0x52  Code  Gb  SystemTick.o [1]
IPOTick_TimingStart     0x0000f407    0xa  Code  Gb  SystemTick.o [1]
Io_CmdProcess           0x00004581   0x74  Code  Gb  CMU_CmdProcess.o [1]
Io_NomalGetCmdProcess   0x00004527   0x5a  Code  Gb  CMU_CmdProcess.o [1]
Io_NomalSetCmdProcess   0x0000446b   0xbc  Code  Gb  CMU_CmdProcess.o [1]
IsDevLocked             0x00000161   0x20  Code  Gb  CAN_DEV_ComMana.o [1]
IsRequiredParmRes       0x000002b3   0x2e  Code  Gb  CAN_DEV_ComMana.o [1]
IsRequiredPulseRes      0x00000257   0x2e  Code  Gb  CAN_DEV_ComMana.o [1]
IsRequiredRes           0x000002e1   0x5a  Code  Gb  CAN_DEV_ComMana.o [1]
IsRequiredSetCmdRes     0x00000285   0x2e  Code  Gb  CAN_DEV_ComMana.o [1]
LAX_CheckLastCmdExeState
                        0x0000c8c7   0x7e  Code  Gb  CSM_AxisStateMan.o [1]
LAX_Enable              0x0000c6cf   0x7e  Code  Gb  CSM_AxisStateMan.o [1]
LAX_Home                0x0000c74d   0x7e  Code  Gb  CSM_AxisStateMan.o [1]
LAX_SetCmdPos           0x0000c7cb   0x7e  Code  Gb  CSM_AxisStateMan.o [1]
LAX_SetQeiPos           0x0000c849   0x7e  Code  Gb  CSM_AxisStateMan.o [1]
LED_Init                0x0000f30d    0x2  Code  Gb  LEDIOCtrl.o [1]
LED_SetPowerLedState    0x0000f30f    0x2  Code  Gb  LEDIOCtrl.o [1]
LineCmdTranslate        0x00003247   0x3c  Code  Gb  CMU_CmdProcess.o [1]
MDAC_GetHSpdDaData      0x0000f329    0x6  Code  Gb  DAC.o [1]
MDAC_Init               0x0000f321    0x2  Code  Gb  DAC.o [1]
MDAC_SetHSpdDaData      0x0000f323    0x6  Code  Gb  DAC.o [1]
MST_Cancel              0x0000fded   0x4c  Code  Gb  MST_MainCtrl.o [1]
MST_CheckAfterActionMSTExist
                        0x0000fe67   0x36  Code  Gb  MST_MainCtrl.o [1]
MST_CheckBeforeActionMSTExist
                        0x0000fe39   0x2e  Code  Gb  MST_MainCtrl.o [1]
MST_ExeMCode            0x00010411   0xd6  Code  Gb  MST_MCode.o [1]
MST_ExeTCode            0x000105c9   0x36  Code  Gb  MST_TCode.o [1]
MST_GetStateData        0x0000feb1   0x18  Code  Gb  MST_MainCtrl.o [1]
MST_Init                0x0000fcf1   0x48  Code  Gb  MST_MainCtrl.o [1]
MST_InitInterface       0x0000fcd1   0x20  Code  Gb  MST_Interface.o [1]
MST_InitMCodeFun        0x000103a9   0x48  Code  Gb  MST_MCode.o [1]
MST_InitTCodeFun        0x000105b3   0x16  Code  Gb  MST_TCode.o [1]
MST_M02                 0x00010293    0xa  Code  Gb  MST_MCode.o [1]
MST_M03                 0x0001029d    0xa  Code  Gb  MST_MCode.o [1]
MST_M04                 0x000102a7    0xa  Code  Gb  MST_MCode.o [1]
MST_M07                 0x000102b1    0xa  Code  Gb  MST_MCode.o [1]
MST_M30                 0x000102bb    0xa  Code  Gb  MST_MCode.o [1]
MST_M999                0x0001037b   0x2e  Code  Gb  MST_MCode.o [1]
MST_M999_Exe            0x000102c5   0xb6  Code  Gb  MST_MCode.o [1]
MST_MCodeCancel         0x000103f1   0x20  Code  Gb  MST_MCode.o [1]
MST_MCodeExeDefault     0x00010289    0xa  Code  Gb  MST_MCode.o [1]
MST_ProcessAfterActionMST
                        0x0000ff33   0x74  Code  Gb  MST_MainCtrl.o [1]
MST_ProcessBeforeActionMST
                        0x0000fec9   0x6a  Code  Gb  MST_MainCtrl.o [1]
MST_RecordParaMCode     0x000104e7   0x9c  Code  Gb  MST_MCode.o [1]
MST_Reset               0x0000fd39   0x30  Code  Gb  MST_MainCtrl.o [1]
MST_Run                 0x0000fd69   0x42  Code  Gb  MST_MainCtrl.o [1]
MST_SetSysAlarmBit      0x0000fe9d   0x14  Code  Gb  MST_MainCtrl.o [1]
MST_Stop                0x0000fdab   0x42  Code  Gb  MST_MainCtrl.o [1]
MST_TCodeExeDefault     0x000105ad    0x6  Code  Gb  MST_TCode.o [1]
MainWorkLedShow         0x0000eca9    0x2  Code  Gb  SYS_Init.o [1]
MotorCtrlParmFun        0x00005abb    0x6  Code  Gb  CMU_ExApi.o [1]
MotorGetCtrlParmFun     0x00005ad3    0x4  Code  Gb  CMU_ExApi.o [1]
MotorGetPitchCmpParmFun
                        0x00005ad7    0x4  Code  Gb  CMU_ExApi.o [1]
MotorPitchCmpParmFun    0x00005ac1    0x6  Code  Gb  CMU_ExApi.o [1]
MotorPosCtrlMotionFun   0x00005ac7    0x6  Code  Gb  CMU_ExApi.o [1]
MotorSpeedCtrlMotionFun
                        0x00005acd    0x6  Code  Gb  CMU_ExApi.o [1]
Motor_CmdProcess        0x000043f7   0x74  Code  Gb  CMU_CmdProcess.o [1]
Motor_NomalGetCmdProcess
                        0x000042dd  0x11a  Code  Gb  CMU_CmdProcess.o [1]
Motor_NomalSetCmdProcess
                        0x00003fb7  0x326  Code  Gb  CMU_CmdProcess.o [1]
Motor_SetCtrlParmEx     0x00003ebf   0xf8  Code  Gb  CMU_CmdProcess.o [1]
NVIC_SetPriority        0x0000ec79   0x26  Code  Lc  SYS_Init.o [1]
PAX_Enable              0x00008ee9   0x54  Code  Gb  DEV_Abstract.o [1]
PAX_GetRegCount         0x00008da1    0x8  Code  Gb  DEV_Abstract.o [1]
PAX_GetRunningStatus    0x00009169   0x2c  Code  Gb  DEV_Abstract.o [1]
PAX_GetStateData        0x0000911b   0x4e  Code  Gb  DEV_Abstract.o [1]
PAX_GetSvParm           0x00009195   0x64  Code  Gb  DEV_Abstract.o [1]
PAX_Home                0x00008f95   0x74  Code  Gb  DEV_Abstract.o [1]
PAX_LockForIPO          0x00009009   0x66  Code  Gb  DEV_Abstract.o [1]
PAX_Reset               0x00008f41   0x54  Code  Gb  DEV_Abstract.o [1]
PAX_SendAxisParm        0x00008db1   0x64  Code  Gb  DEV_Abstract.o [1]
PAX_SendFeed            0x00008e79   0x70  Code  Gb  DEV_Abstract.o [1]
PAX_SendSvParm          0x00008e15   0x64  Code  Gb  DEV_Abstract.o [1]
PAX_SetCmdPos           0x0000906f   0x56  Code  Gb  DEV_Abstract.o [1]
PAX_SetQeiPos           0x000090c5   0x56  Code  Gb  DEV_Abstract.o [1]
ProgArcC                0x00005b05    0xa  Code  Gb  CMU_ExApi.o [1]
ProgArcPT               0x00005b19    0xa  Code  Gb  CMU_ExApi.o [1]
ProgArcR                0x00005b0f    0xa  Code  Gb  CMU_ExApi.o [1]
ProgIOCode              0x00005ae7    0xa  Code  Gb  CMU_ExApi.o [1]
ProgLine                0x00005afb    0xa  Code  Gb  CMU_ExApi.o [1]
ProgRapid               0x00005af1    0xa  Code  Gb  CMU_ExApi.o [1]
PulseAnsDataProc        0x000006a1  0x29c  Code  Gb  CAN_DEV_ComMana.o [1]
RapidCmdTranslate       0x00003219   0x2e  Code  Gb  CMU_CmdProcess.o [1]
RcvProcess              0x00000bc1   0x72  Code  Gb  CAN_DEV_ComMana.o [1]
RefreashAxisAlarmStatus
                        0x00000669   0x38  Code  Gb  CAN_DEV_ComMana.o [1]
RefreshAxisStateAfterPulseRes
                        0x0000044f  0x21a  Code  Gb  CAN_DEV_ComMana.o [1]
Reg_CmdProcess          0x00004705   0xba  Code  Gb  CMU_CmdProcess.o [1]
Region$$Table$$Base     0x00010730          --   Gb  - Linker created -
Region$$Table$$Limit    0x00010754          --   Gb  - Linker created -
ReleaseRsPermit         0x0000023f   0x18  Code  Gb  CAN_DEV_ComMana.o [1]
SDRAM_Init              0x000101bd   0xca  Code  Gb  SDRAM_AddrDef.o [1]
SPM_ChckDevMatch        0x0000a1c9   0x52  Code  Gb  SPM_SysCtrlParm.o [1]
SPM_CheckAxisParm       0x0000b1c9   0xd2  Code  Gb  SPM_ParmCheck.o [1]
SPM_CheckAxisPitchCmpParm
                        0x0000b2a1    0x6  Code  Gb  SPM_ParmCheck.o [1]
SPM_CheckCrdAxisMapTable
                        0x0000b2a7  0x104  Code  Gb  SPM_ParmCheck.o [1]
SPM_CheckCrdSysParm     0x0000b153   0x76  Code  Gb  SPM_ParmCheck.o [1]
SPM_CheckSysCtrlParm    0x0000b11d   0x36  Code  Gb  SPM_ParmCheck.o [1]
SPM_GetAxisParmAddr     0x00009549    0x8  Code  Gb  SPM_SysCtrlParm.o [1]
SPM_GetAxisPitchCmpParmAddr
                        0x00009551    0x8  Code  Gb  SPM_SysCtrlParm.o [1]
SPM_GetCrdSysAxisMapTableAddr
                        0x00009539    0x8  Code  Gb  SPM_SysCtrlParm.o [1]
SPM_GetCrdSysParmAddr   0x00009541    0x8  Code  Gb  SPM_SysCtrlParm.o [1]
SPM_GetSysCtrlParmAddr  0x00009531    0x8  Code  Gb  SPM_SysCtrlParm.o [1]
SPM_GetSysTimeCycleUs   0x00009f2f    0xa  Code  Gb  SPM_SysCtrlParm.o [1]
SPM_InitSysCtrlParm     0x00009559  0x4e8  Code  Gb  SPM_SysCtrlParm.o [1]
SPM_LoadConfig          0x0000a21b  0x136  Code  Gb  SPM_SysCtrlParm.o [1]
SPM_LoadParm            0x0000a133   0x8c  Code  Gb  SPM_SysCtrlParm.o [1]
SPM_ReadConfigFromFlash
                        0x0000a129    0x6  Code  Gb  SPM_SysCtrlParm.o [1]
SPM_ReadParmFromFlash   0x00009f5d  0x1c6  Code  Gb  SPM_SysCtrlParm.o [1]
SPM_SaveConfAndParm     0x0000a12f    0x4  Code  Gb  SPM_SysCtrlParm.o [1]
SPM_SetAxisParm         0x00009b8b  0x17e  Code  Gb  SPM_SysCtrlParm.o [1]
SPM_SetAxisPitchCmpParm
                        0x00009d09    0x6  Code  Gb  SPM_SysCtrlParm.o [1]
SPM_SetConfig           0x0000a351   0xdc  Code  Gb  SPM_SysCtrlParm.o [1]
SPM_SetCrdParm          0x00009e57   0x86  Code  Gb  SPM_SysCtrlParm.o [1]
SPM_SetCrdSysAxisMapTable
                        0x00009d0f  0x148  Code  Gb  SPM_SysCtrlParm.o [1]
SPM_SetLookaheadEnable  0x00009edd   0x52  Code  Gb  SPM_SysCtrlParm.o [1]
SPM_SetSysCtrlParm      0x00009a41  0x14a  Code  Gb  SPM_SysCtrlParm.o [1]
SYS_ClrAlarmBit         0x0000a47d    0xc  Code  Gb  CNCSYS_StateMan.o [1]
SYS_ClrStatusBit        0x0000a4b3    0xc  Code  Gb  CNCSYS_StateMan.o [1]
SYS_GetAlarmBit         0x0000a489   0x12  Code  Gb  CNCSYS_StateMan.o [1]
SYS_GetAlarmStatus      0x0000a49b    0x6  Code  Gb  CNCSYS_StateMan.o [1]
SYS_GetSLCVersion       0x0000a503   0x22  Code  Gb  CNCSYS_StateMan.o [1]
SYS_GetStateReadAddr    0x0000a46d    0x4  Code  Gb  CNCSYS_StateMan.o [1]
SYS_GetSysStatus        0x0000a4a1    0x6  Code  Gb  CNCSYS_StateMan.o [1]
SYS_GetSysTickCount     0x0000a4fb    0x8  Code  Gb  CNCSYS_StateMan.o [1]
SYS_Init                0x0000ef23   0x4e  Code  Gb  SYS_Init.o [1]
SYS_InitCMU             0x0000ecab  0x278  Code  Gb  SYS_Init.o [1]
SYS_InitCSM             0x0000f669  0x106  Code  Gb  CNCSYS_Init.o [1]
SYS_InitDevDrv          0x0000f4bd   0x9e  Code  Gb  CNCSYS_Init.o [1]
SYS_InitIPO             0x0000f55b   0xce  Code  Gb  CNCSYS_Init.o [1]
SYS_InitMST             0x0000f629   0x40  Code  Gb  CNCSYS_Init.o [1]
SYS_InitStateData       0x0000a445   0x28  Code  Gb  CNCSYS_StateMan.o [1]
SYS_MainCtrl            0x0000f12d   0x14  Code  Gb  SYS_Init.o [1]
SYS_SetAlarmBit         0x0000a471    0xc  Code  Gb  CNCSYS_StateMan.o [1]
SYS_SetStatusBit        0x0000a4a7    0xc  Code  Gb  CNCSYS_StateMan.o [1]
SYS_SetSysTickCount     0x0000a4bf   0x1a  Code  Gb  CNCSYS_StateMan.o [1]
SYS_SetSysTickTimeCylce
                        0x0000a4d9   0x22  Code  Gb  CNCSYS_StateMan.o [1]
SYS_UpdateIPOTimeCycle  0x0000f4b7    0x6  Code  Gb  CNCSYS_Init.o [1]
SendAppUpdateData       0x00001081   0x38  Code  Gb  CAN_DEV_ComMana.o [1]
SendAxisParm            0x00000f0d   0xf6  Code  Gb  CAN_DEV_ComMana.o [1]
SendBootUpdateData      0x000010b9   0x3a  Code  Gb  CAN_DEV_ComMana.o [1]
SendParmData            0x00000c75  0x294  Code  Gb  CAN_DEV_ComMana.o [1]
SendSevorParm           0x00001047   0x3a  Code  Gb  CAN_DEV_ComMana.o [1]
SendSinglePack          0x00000c33   0x2e  Code  Gb  CAN_DEV_ComMana.o [1]
SendSysCtrlParm         0x0000100d   0x3a  Code  Gb  CAN_DEV_ComMana.o [1]
Servo_CmdProcess        0x000047bf    0x6  Code  Gb  CMU_CmdProcess.o [1]
SetBusDevNoToDefault    0x00000001   0x46  Code  Gb  CAN_DEV_ComMana.o [1]
SetCmdAnsDataProc       0x0000093d  0x1e2  Code  Gb  CAN_DEV_ComMana.o [1]
SetConfigDataToDefault  0x00000047  0x11a  Code  Gb  CAN_DEV_ComMana.o [1]
SetMotorPulseData       0x000019f5   0xde  Code  Gb  CAN_DEV_ComMana.o [1]
SetOtherDevPulseData    0x00001ae5   0x36  Code  Gb  CAN_DEV_ComMana.o [1]
SetPulseData10          0x00001789   0x3c  Code  Gb  CAN_DEV_ComMana.o [1]
SetPulseData9           0x0000174d   0x3c  Code  Gb  CAN_DEV_ComMana.o [1]
SimpleDelay             0x0000ec9f    0xa  Code  Gb  SYS_Init.o [1]
SynCycleRcv             0x000017e3   0x5e  Code  Gb  CAN_DEV_ComMana.o [1]
SynCycleUpdateState     0x00001845  0x1aa  Code  Gb  CAN_DEV_ComMana.o [1]
SysCycleSend            0x00001b1b  0xa36  Code  Gb  CAN_DEV_ComMana.o [1]
SysGetCtrlParmFun       0x00005a8d    0x4  Code  Gb  CMU_ExApi.o [1]
SysGetDevStateFun       0x00005a87    0x6  Code  Gb  CMU_ExApi.o [1]
SysGetStateFun          0x00005a91    0x4  Code  Gb  CMU_ExApi.o [1]
SysTick_CountSysTickEnd
                        0x0000f36b   0x90  Code  Gb  SystemTick.o [1]
SysTick_CountSysTickStart
                        0x0000f35f    0xc  Code  Gb  SystemTick.o [1]
SysTick_GetCycleTime    0x0000f3fb    0xc  Code  Gb  SystemTick.o [1]
SysTick_Handler         0x0000f339   0x24  Code  Gb  SystemTick.o [1]
Sys_CmdProcess          0x000031a5   0x74  Code  Gb  CMU_CmdProcess.o [1]
Sys_GetNomalCmdProcess  0x00002fed  0x1b8  Code  Gb  CMU_CmdProcess.o [1]
Sys_SetNomalCmdProcess  0x00002e95  0x158  Code  Gb  CMU_CmdProcess.o [1]
SystemInit              0x0000f2f5   0x18  Code  Gb  sysinit.o [1]
SystemTickConfig        0x0000f35d    0x2  Code  Gb  SystemTick.o [1]
UART_Close              0x0000f14d    0xc  Code  Gb  UartInterface.o [1]
UART_ExportInterface    0x0000f29b   0x1a  Code  Gb  UartInterface.o [1]
UART_GetMaxSendLen      0x0000f297    0x4  Code  Gb  UartInterface.o [1]
UART_GetPack            0x0000f187   0x2c  Code  Gb  UartInterface.o [1]
UART_Open               0x0000f141    0xc  Code  Gb  UartInterface.o [1]
UART_RecvHandler        0x0000f159   0x2e  Code  Gb  UartInterface.o [1]
UART_SendPack           0x0000f1b3   0xe4  Code  Gb  UartInterface.o [1]
UCOM_GetPack            0x0000f985  0x34c  Code  Gb  ucom.o [1]
UREG_GetRegData         0x0001063b   0x32  Code  Gb  UREG_DataMan.o [1]
UREG_SetRegData         0x00010609   0x32  Code  Gb  UREG_DataMan.o [1]
__Vectors               0x00007000          --   Gb  startup_LPC17xx.o [1]
__Vectors_End           0x000070cc         Data  Gb  startup_LPC17xx.o [1]
__Vectors_Size {Abs}    0x000000cc          --   Gb  startup_LPC17xx.o [1]
__aeabi_cdcmple         0x00002a29         Code  Gb  DblCmpLe.o [4]
__aeabi_cdrcmple        0x00002745         Code  Gb  DblCmpGe.o [4]
__aeabi_cfcmpeq         0x0000bba9         Code  Gb  FltCmpEq.o [4]
__aeabi_cfcmple         0x0000c949         Code  Gb  FltCmpLe.o [4]
__aeabi_cfrcmple        0x0000e771         Code  Gb  FltCmpGe.o [4]
__aeabi_d2f             0x00002969         Code  Gb  DblToFlt.o [4]
__aeabi_d2uiz           0x00005a55         Code  Gb  DblToI32.o [4]
__aeabi_dadd            0x00002dad         Code  Gb  DblAdd.o [4]
__aeabi_ddiv            0x00002af1         Code  Gb  DblDiv.o [4]
__aeabi_dmul            0x000027c5         Code  Gb  DblMul.o [4]
__aeabi_dsub            0x000025c5         Code  Gb  DblSub.o [4]
__aeabi_errno_addr      0x0000de99    0x6  Code  Gb  errno.o [3]
__aeabi_f2d             0x00002775         Code  Gb  FltToDbl.o [4]
__aeabi_i2d             0x000029f9         Code  Gb  I32ToDbl.o [4]
__aeabi_memset          0x0000255d         Code  Gb  ABImemset.o [5]
__aeabi_ui2d            0x00002a0d         Code  Gb  I32ToDbl.o [4]
__aeabi_ui2f            0x00002ad1         Code  Gb  I32ToFlt.o [4]
__cmain                 0x00010755         Code  Gb  cmain.o [5]
__exit                  0x00010791   0x14  Code  Gb  exit.o [6]
__iar_Atan              0x0000dcb9  0x148  Code  Gb  xatan.o [4]
__iar_Dtest             0x0000dc59   0x32  Code  Gb  xdtest.o [4]
__iar_Errno             0x1000000c    0x4  Data  Gb  errno.o [3]
__iar_Memset            0x0000255d         Code  Gb  ABImemset.o [5]
__iar_Memset_word       0x00002565         Code  Gb  ABImemset.o [5]
__iar_copy_init3        0x0000dc8b   0x2c  Code  Gb  copy_init3.o [5]
__iar_d2uiz             0x00005a61         Code  Gb  DblToI32.o [4]
__iar_dadd              0x00002dc1         Code  Gb  DblAdd.o [4]
__iar_data_init3        0x00010709   0x28  Code  Gb  data_init.o [5]
__iar_dlib_perthread_access
                        0x0000dea5    0x2  Code  Gb  xtls.o [3]
__iar_dsub              0x000025d9         Code  Gb  DblSub.o [4]
__iar_dsubStart         0x000025eb         Code  Gb  DblSub.o [4]
__iar_edom              0x0000dc4d         Code  Gb  iarEdom.o [5]
__iar_program_start     0x000107c1         Code  Gb  cstartup_M.o [5]
__iar_sqrt              0x0000da89         Code  Gb  sqrt.o [4]
__iar_ui2d              0x00002a11         Code  Gb  I32ToDbl.o [4]
__iar_ui2f              0x00002ad5         Code  Gb  I32ToFlt.o [4]
__iar_unaligned___aeabi_memcpy
                        0x00002a59         Code  Gb  ABImemcpy_unaligned.o [5]
__iar_unaligned___aeabi_memcpy4
                        0x00002a79         Code  Gb  ABImemcpy_unaligned.o [5]
__iar_unaligned___aeabi_memcpy8
                        0x00002a79         Code  Gb  ABImemcpy_unaligned.o [5]
__iar_unaligned_memcmp  0x00002d49         Code  Gb  memcmp_unaligned.o [5]
__iar_zero_init3        0x000106c9   0x40  Code  Gb  zero_init3.o [5]
__low_level_init        0x0001076f    0x4  Code  Gb  low_level_init.o [3]
__vector_table          0x00007000         Data  Gb  startup_LPC17xx.o [1]
__vector_table_0x1c     0x0000701c         Data  Gb  startup_LPC17xx.o [1]
_call_main              0x00010761         Code  Gb  cmain.o [5]
_exit                   0x00010785         Code  Gb  cexit.o [5]
_main                   0x0001076b         Code  Gb  cmain.o [5]
a                       0x0000de58   0x40  Data  Lc  xatan.o [4]
abs                     0x0000dc45    0x8  Code  Gb  abs.o [3]
atan2                   0x0000db79   0xcc  Code  Gb  atan2.o [4]
exit                    0x0001077f    0x4  Code  Gb  exit.o [3]
g_pAHBDataStruct        0x10002448    0x4  Data  Gb  AHB_Init.o [1]
g_ulSysTickCount        0x10002440    0x8  Data  Gb  SystemTick.o [1]
i32Fun                  0x00005b57    0x4  Code  Gb  CMU_ExApi.o [1]
i32Fun_32               0x00005b61    0x6  Code  Gb  CMU_ExApi.o [1]
i32Fun_u32              0x00005b5b    0x6  Code  Gb  CMU_ExApi.o [1]
i32Fun_u32_32           0x00005b67    0x6  Code  Gb  CMU_ExApi.o [1]
i32Fun_u32_32_p32       0x00005b8d    0x6  Code  Gb  CMU_ExApi.o [1]
i32Fun_u32_32_pcut      0x00005b87    0x6  Code  Gb  CMU_ExApi.o [1]
i32Fun_u32_p32          0x00005b6d    0x6  Code  Gb  CMU_ExApi.o [1]
i32Fun_u32_u32_pu8_u32  0x00005b73    0xa  Code  Gb  CMU_ExApi.o [1]
i32Fun_u32_u32_pu8_u32_u8
                        0x00005b7d    0xa  Code  Gb  CMU_ExApi.o [1]
m_CSMInterface          0x10001d48   0xa4  Data  Gb  CSM_Interface.o [1]
m_CSM_AutoCtrl          0x100020f0   0x50  Data  Gb  CSM_MainCtrl.o [1]
m_CSM_CrdSysMotorIndex  0x10002308   0x20  Data  Gb  CSM_ParmMan.o [1]
m_CSM_CurProgData       0x10002038   0x60  Data  Gb  CSM_MainCtrl.o [1]
m_CSM_NCAxisData        0x10002474    0x4  Data  Gb  CSM_MainCtrl.o [1]
m_CSM_pAxisParm         0x1000248c    0x4  Data  Gb  CSM_ParmMan.o [1]
m_CSM_pCrdParm          0x10002488    0x4  Data  Gb  CSM_ParmMan.o [1]
m_CSM_pCrdSysAxisMapTable
                        0x10002484    0x4  Data  Gb  CSM_ParmMan.o [1]
m_CSM_pSysCtrlParm      0x10002480    0x4  Data  Gb  CSM_ParmMan.o [1]
m_CrdSysStateData       0x10001ea8   0x90  Data  Gb  CSM_MainCtrl.o [1]
m_DevInfoBusIndexMap    0x10002438    0x8  Data  Gb  DEV_Abstract.o [1]
m_DevNoBusIndexMap      0x10002430    0x8  Data  Gb  DEV_Abstract.o [1]
m_DeviceInfo            0x10001dec   0xa0  Data  Gb  DEV_Abstract.o [1]
m_DeviceState           0x10001548  0x200  Data  Gb  DEV_Abstract.o [1]
m_ErrorCodeManData      0x10002098   0x58  Data  Lc  ECM_ErrorCodeMan.o [1]
m_MSTCtrlData           0x100024d0    0x2  Data  Gb  MST_MainCtrl.o [1]
m_MSTInterface          0x100023c8   0x14  Data  Gb  MST_Interface.o [1]
m_MSTStateData          0x100023ec   0x10  Data  Gb  MST_MainCtrl.o [1]
m_MST_pf_ExeMCode       0x10001938  0x190  Data  Gb  MST_MCode.o [1]
m_MST_pf_ExeTCode       0x10001ac8  0x190  Data  Gb  MST_TCode.o [1]
m_ParaMCodeMan          0x10000d68  0x3c8  Data  Gb  MST_MCode.o [1]
m_ProgBufManData        0x10002360   0x1c  Data  Lc  CSM_ProgBuf.o [1]
m_RcvCtrlData           0x10002260   0x30  Data  Gb  CMU_RcvDataProcess.o [1]
m_RegBusInfo            0x10001c58   0xf0  Data  Gb  DEV_Abstract.o [1]
m_SPM_pAxisParm         0x100024b0    0x4  Data  Lc  SPM_SysCtrlParm.o [1]
m_SPM_pAxisPitchCmpParm
                        0x100024b4    0x4  Data  Lc  SPM_SysCtrlParm.o [1]
m_SPM_pCrdAxisMapTable  0x100024a8    0x4  Data  Lc  SPM_SysCtrlParm.o [1]
m_SPM_pCrdParm          0x100024ac    0x4  Data  Lc  SPM_SysCtrlParm.o [1]
m_SPM_pSysCtrlParm      0x100024a4    0x4  Data  Lc  SPM_SysCtrlParm.o [1]
m_SendCtrlData          0x100023b0   0x18  Data  Gb  CMU_SendDataProcess.o [1]
m_StartReadPosProgLineNO
                        0x10002498    0x4  Data  Lc  CSM_ProgBuf.o [1]
m_SysStateData          0x100023dc   0x10  Data  Gb  CNCSYS_StateMan.o [1]
m_UartRecvPack          0x100021d8   0x48  Data  Lc  UartInterface.o [1]
m_UartSendPack          0x10002190   0x48  Data  Lc  UartInterface.o [1]
m_UserBufManData        0x1000237c   0x1c  Data  Lc  CSM_UserBuf.o [1]
m_bALInitFlag           0x100024da    0x1  Data  Lc  AbstractionLayer.o [1]
m_bTickCountSwitch      0x100024dc    0x1  Data  Lc  CMU_PeriodDataMana.o [1]
m_bUcomGetPackStep      0x100024e9    0x1  Data  Lc  ucom.o [1]
m_dCydleTime            0x10002140   0x50  Data  Gb  SystemTick.o [1]
m_dSysTickCount         0x10002428    0x8  Data  Gb  CNCSYS_StateMan.o [1]
m_dSysTickTime          0x10000000    0x8  Data  Gb  CNCSYS_StateMan.o [1]
m_nCSMInterfaceInit     0x100024cc    0x2  Data  Gb  CSM_Interface.o [1]
m_nUcomDataLen          0x100024d6    0x2  Data  Lc  ucom.o [1]
m_nUcomReadPos          0x100024d2    0x2  Data  Lc  ucom.o [1]
m_nUcomWritePos         0x100024d4    0x2  Data  Lc  ucom.o [1]
m_nUserBufCtrlMode      0x100024ce    0x2  Data  Lc  CSM_UserBuf.o [1]
m_pAHBDataStruct        0x10000010  0xd58  Data  Gb  AHB_Init.o [1]
m_pCanDevAxisParm       0x1000244c    0x4  Data  Gb  CAN_DEV_Driver.o [1]
m_pCanDevAxisPitchCmpParm
                        0x10002450    0x4  Data  Gb  CAN_DEV_Driver.o [1]
m_pCanDeviceInfo        0x1000245c    0x4  Data  Gb  CAN_DEV_Driver.o [1]
m_pCanDeviceState       0x10002458    0x4  Data  Gb  CAN_DEV_Driver.o [1]
m_pCanSysCtrlParm       0x10002454    0x4  Data  Gb  CAN_DEV_Driver.o [1]
m_pChData               0x10001748  0x1f0  Data  Gb  CAN_DEV_Driver.o [1]
m_pComNoMap             0x1000241c    0x8  Data  Gb  CAN_DEV_Driver.o [1]
m_pHead                 0x10000008    0x4  Data  Lc  ucom.o [1]
m_pIprFinishLineCount   0x1000247c    0x4  Data  Gb  CSM_MainCtrl.o [1]
m_pIprStartLineCount    0x10002478    0x4  Data  Gb  CSM_MainCtrl.o [1]
m_pRcvBuf               0x1000246c    0x4  Data  Gb  CMU_RcvDataProcess.o [1]
m_pSendBuf              0x10002470    0x4  Data  Gb  CMU_SendDataProcess.o [1]
m_pUcomRcvBuf           0x10002220   0x40  Data  Lc  ucom.o [1]
m_sCanBusDriverSoftVer  0x10002414    0x8  Data  Gb  CAN_DEV_Driver.o [1]
m_sCanComInterface      0x10002344   0x1c  Data  Gb  CAN_DEV_Driver.o [1]
m_sCanDevExInterface    0x10002460    0x4  Data  Gb  CAN_DEV_Driver.o [1]
m_sCanInterface         0x10001e8c   0x1c  Data  Gb  AbstractionLayer.o [1]
m_sEnetInterface        0x10002328   0x1c  Data  Gb  AbstractionLayer.o [1]
m_sExternalFunTable     0x10001130  0x218  Data  Gb  CMU_ExApi.o [1]
m_sInqRecordBuf         0x10001348  0x200  Data  Lc  CMU_PeriodDataMana.o [1]
m_sPackData             0x10002408    0xc  Data  Gb  CMU_RcvDataProcess.o [1]
m_sRcvTimeOutCtrlData   0x100023fc    0xc  Data  Gb  CMU_RcvDataProcess.o [1]
m_sUartInterface        0x10002398   0x18  Data  Gb  AbstractionLayer.o [1]
m_uCanExsitDevCount     0x100024db    0x1  Data  Gb  CAN_DEV_Driver.o [1]
m_uCodedAxisCount       0x100024e6    0x1  Data  Gb  DEV_Abstract.o [1]
m_uCodedDevCount        0x100024e5    0x1  Data  Gb  DEV_Abstract.o [1]
m_uComSetDelayCycles    0x100024e0    0x1  Data  Lc  CMU_PubFun.o [1]
m_uIpoInitFlag          0x100024e1    0x1  Data  Lc  CNCSYS_Init.o [1]
m_uMIIIRegFlag          0x100024e7    0x1  Data  Gb  DEV_Abstract.o [1]
m_uMotorDevCount        0x100024e4    0x1  Data  Gb  DEV_Abstract.o [1]
m_uRecvBuff             0x10001f38   0x80  Data  Lc  UartInterface.o [1]
m_uRecvPackValidFlag    0x100024e8    0x1  Data  Lc  UartInterface.o [1]
m_uRegBusCount          0x100024e2    0x1  Data  Gb  DEV_Abstract.o [1]
m_uScanDevCount         0x100024e3    0x1  Data  Gb  DEV_Abstract.o [1]
m_uSendBuff             0x10001fb8   0x80  Data  Lc  UartInterface.o [1]
m_ucCanNode             0x100024d9    0x1  Data  Lc  AbstractionLayer.o [1]
m_ucComInvalidFlag      0x100024d8    0x1  Data  Lc  AbstractionLayer.o [1]
m_ucCurRecordIndex      0x100024de    0x1  Data  Lc  CMU_PeriodDataMana.o [1]
m_ucCycleGap            0x100024df    0x1  Data  Lc  CMU_PeriodDataMana.o [1]
m_ucRecordCount         0x100024dd    0x1  Data  Lc  CMU_PeriodDataMana.o [1]
m_ulCmuMemBase          0x10002464    0x4  Data  Lc  CMU_PubFun.o [1]
m_ulCmuMemRestLen       0x10002468    0x4  Data  Lc  CMU_PubFun.o [1]
m_ulComType             0x10002424    0x4  Data  Lc  AbstractionLayer.o [1]
m_ulCycleTick           0x100024bc    0x4  Data  Gb  SystemTick.o [1]
m_ulIPOTickEnd          0x100024c4    0x4  Data  Gb  SystemTick.o [1]
m_ulIPOTickStart        0x100024c0    0x4  Data  Gb  SystemTick.o [1]
m_ulIPOTime             0x100024c8    0x4  Data  Gb  SystemTick.o [1]
m_ulProgBufAddr         0x10002490    0x4  Data  Lc  CSM_ProgBuf.o [1]
m_ulProgBufLen          0x10002494    0x4  Data  Lc  CSM_ProgBuf.o [1]
m_ulTickCount           0x100024b8    0x4  Data  Gb  SystemTick.o [1]
m_ulTickCountMax        0x100022e0   0x28  Data  Gb  SystemTick.o [1]
m_ulTickEnd             0x100022b8   0x28  Data  Gb  SystemTick.o [1]
m_ulTickStart           0x10002290   0x28  Data  Gb  SystemTick.o [1]
m_ulUserBufAddr         0x1000249c    0x4  Data  Lc  CSM_UserBuf.o [1]
m_ulUserBufLen          0x100024a0    0x4  Data  Lc  CSM_UserBuf.o [1]
main                    0x00010773    0xc  Code  Gb  Main.o [1]
sqrt                    0x0000da89         Code  Gb  sqrt.o [4]
sqrtl                   0x0000da89         Code  Gb  sqrt.o [4]
u32Fun_32               0x00005b99    0x6  Code  Gb  CMU_ExApi.o [1]
u32Fun_32_32            0x00005b9f    0x6  Code  Gb  CMU_ExApi.o [1]
u32Fun_32_32_32_32      0x00005bab    0xa  Code  Gb  CMU_ExApi.o [1]
u32Fun_32_32_pu32_pu32  0x00005c0d    0xa  Code  Gb  CMU_ExApi.o [1]
u32Fun_32_32_u32        0x00005ba5    0x6  Code  Gb  CMU_ExApi.o [1]
u32Fun_32_f32           0x00005bcb    0x6  Code  Gb  CMU_ExApi.o [1]
u32Fun_32_p8_32         0x00005bc5    0x6  Code  Gb  CMU_ExApi.o [1]
u32Fun_32_u32           0x00005bb5    0x6  Code  Gb  CMU_ExApi.o [1]
u32Fun_32_u32_pu8_u32   0x00005bbb    0xa  Code  Gb  CMU_ExApi.o [1]
u32Fun_p8_u32           0x00005a81    0x6  Code  Gb  CMU_ExApi.o [1]
u32Fun_pdevconf_u32     0x00005b29    0x6  Code  Gb  CMU_ExApi.o [1]
u32Fun_psysctrlparm     0x00005b2f    0x6  Code  Gb  CMU_ExApi.o [1]
u32Fun_pversion         0x00005b3b    0x6  Code  Gb  CMU_ExApi.o [1]
u32Fun_u16              0x00005b93    0x6  Code  Gb  CMU_ExApi.o [1]
u32Fun_u32              0x00005b23    0x6  Code  Gb  CMU_ExApi.o [1]
u32Fun_u32_32_32        0x00005bf5    0x6  Code  Gb  CMU_ExApi.o [1]
u32Fun_u32_p8_u32       0x00005b35    0x6  Code  Gb  CMU_ExApi.o [1]
u32Fun_u32_pbusrsmsdata
                        0x00005b47    0x6  Code  Gb  CMU_ExApi.o [1]
u32Fun_u32_pdevinfo     0x00005b51    0x6  Code  Gb  CMU_ExApi.o [1]
u32Fun_u32_pu32         0x00005bfb    0x6  Code  Gb  CMU_ExApi.o [1]
u32Fun_u32_pu32_pu32    0x00005c07    0x6  Code  Gb  CMU_ExApi.o [1]
u32Fun_u32_pu32_u32     0x00005c01    0x6  Code  Gb  CMU_ExApi.o [1]
u32Fun_u32_pu8          0x00005bd7    0x6  Code  Gb  CMU_ExApi.o [1]
u32Fun_u32_pu8_u32_u8   0x00005c17    0xa  Code  Gb  CMU_ExApi.o [1]
u32Fun_u32_pversion     0x00005b41    0x6  Code  Gb  CMU_ExApi.o [1]
u32Fun_u32_u16          0x00005be3    0x6  Code  Gb  CMU_ExApi.o [1]
u32Fun_u32_u16_pu8      0x00005bdd    0x6  Code  Gb  CMU_ExApi.o [1]
u32Fun_u32_u32          0x00005be9    0x6  Code  Gb  CMU_ExApi.o [1]
u32Fun_u32_u32_u32      0x00005bef    0x6  Code  Gb  CMU_ExApi.o [1]
u32Fun_u32_u8           0x00005bd1    0x6  Code  Gb  CMU_ExApi.o [1]
u32Fun_void             0x00005b4d    0x4  Code  Gb  CMU_ExApi.o [1]


[1] = F:\4. ¹¤×÷ÎÄ¼þ\ÊÛ»õ»úÍ¨ÓÃ¿ØÖÆÆ½Ì¨\ÏµÍ³¿ò¼Ü\IPO-LPC17XX\Project\Debug\Obj
[2] = command line
[3] = dl7M_tln.a
[4] = m7M_tl.a
[5] = rt7M_tl.a
[6] = shb_l.a

  67 860 bytes of readonly  code memory
      84 bytes of readonly  data memory
  11 498 bytes of readwrite data memory

Errors: 58
Warnings: none
